
Allocating common symbols
Common symbol       size              file

netbufpool          0x4               binaries/net.o
readylist           0x2               binaries/ready.o
rfltab              0x5a0             binaries/rflinit.o
sleepq              0x2               binaries/clkinit.o
nnames              0x4               binaries/naminit.o
udptab              0x168             binaries/udp.o
minheap             0x4               binaries/meminit.o
marks               0x50              binaries/mark.o
currpid             0x4               binaries/initialize.o
Lf_data             0x20c             binaries/lfsinit.o
porttab             0x2d0             binaries/ptinit.o
girmask             0x2               binaries/evec.o
ttytab              0x10c             binaries/ttyinit.o
proctab             0x2d50            binaries/initialize.o
prcount             0x4               binaries/initialize.o
lck                 0x4               binaries/main.o
lfltab              0xf00             binaries/lflinit.o
rdstab              0x8c              binaries/rdsinit.o
ethertab            0x138             binaries/ethinit.o
NetData             0xa8              binaries/net.o
nmarks              0x4               binaries/mark.o
Defer               0x8               binaries/resched.o
semtab              0x4b0             binaries/initialize.o
lcks                0xc8              binaries/main.o
maxheap             0x4               binaries/meminit.o
preempt             0x4               binaries/clkinit.o
buftab              0xf0              binaries/bufinit.o
Rf_data             0x18              binaries/rfsinit.o
mkmutex             0x4               binaries/mark.o
clktime             0x4               binaries/clkinit.o
arpcache            0x140             binaries/arp.o
icmptab             0x230             binaries/icmp.o
nbpools             0x4               binaries/bufinit.o
queuetab            0xca0             binaries/queue.o
locktab             0x1f4             binaries/linit.o
ptnextid            0x4               binaries/ptinit.o
Ram                 0x19000           binaries/raminit.o
ipoqueue            0x2c              binaries/ip.o
memlist             0x8               binaries/initialize.o
nametab             0x19a0            binaries/naminit.o
ptfree              0x4               binaries/ptinit.o

Discarded input sections

 .group         0x0000000000000000        0x8 binaries/ascdate.o
 .group         0x0000000000000000        0x8 binaries/bufinit.o
 .group         0x0000000000000000        0x8 binaries/chprio.o
 .text.__x86.get_pc_thunk.bx
                0x0000000000000000        0x4 binaries/chprio.o
 .group         0x0000000000000000        0x8 binaries/clkhandler.o
 .text.__x86.get_pc_thunk.bx
                0x0000000000000000        0x4 binaries/clkhandler.o
 .group         0x0000000000000000        0x8 binaries/clkinit.o
 .text.__x86.get_pc_thunk.bx
                0x0000000000000000        0x4 binaries/clkinit.o
 .group         0x0000000000000000        0x8 binaries/close.o
 .text.__x86.get_pc_thunk.bx
                0x0000000000000000        0x4 binaries/close.o
 .group         0x0000000000000000        0x8 binaries/control.o
 .text.__x86.get_pc_thunk.bx
                0x0000000000000000        0x4 binaries/control.o
 .group         0x0000000000000000        0x8 binaries/create.o
 .text.__x86.get_pc_thunk.bx
                0x0000000000000000        0x4 binaries/create.o
 .group         0x0000000000000000        0x8 binaries/early_imr.o
 .text.__x86.get_pc_thunk.bx
                0x0000000000000000        0x4 binaries/early_imr.o
 .group         0x0000000000000000        0x8 binaries/evec.o
 .text.__x86.get_pc_thunk.bx
                0x0000000000000000        0x4 binaries/evec.o
 .group         0x0000000000000000        0x8 binaries/freebuf.o
 .text.__x86.get_pc_thunk.bx
                0x0000000000000000        0x4 binaries/freebuf.o
 .group         0x0000000000000000        0x8 binaries/freemem.o
 .text.__x86.get_pc_thunk.bx
                0x0000000000000000        0x4 binaries/freemem.o
 .group         0x0000000000000000        0x8 binaries/getbuf.o
 .text.__x86.get_pc_thunk.bx
                0x0000000000000000        0x4 binaries/getbuf.o
 .group         0x0000000000000000        0x8 binaries/getc.o
 .text.__x86.get_pc_thunk.bx
                0x0000000000000000        0x4 binaries/getc.o
 .group         0x0000000000000000        0x8 binaries/getdev.o
 .text.__x86.get_pc_thunk.bx
                0x0000000000000000        0x4 binaries/getdev.o
 .group         0x0000000000000000        0x8 binaries/getitem.o
 .group         0x0000000000000000        0x8 binaries/getitem.o
 .text.__x86.get_pc_thunk.ax
                0x0000000000000000        0x4 binaries/getitem.o
 .group         0x0000000000000000        0x8 binaries/getmem.o
 .text.__x86.get_pc_thunk.bx
                0x0000000000000000        0x4 binaries/getmem.o
[...]
Memory Configuration

Name             Origin             Length             Attributes
*default*        0x0000000000000000 0xffffffffffffffff

Linker script and memory map

                0x0000000000100000                physbase = 0x100000
                0x0000000000100000                . = physbase
                0x0000000000100000                . = ALIGN (0x1000)

.text           0x0000000000100000    0x1b000
                0x0000000000100000                text = ABSOLUTE (.)
 *(.text .text.*)
 .text          0x0000000000100000      0x1a8 binaries/start.o
                0x0000000000100024                start
                0x00000000001000f6                inb
                0x00000000001000fe                inw
                0x0000000000100107                inl
                0x000000000010010f                outb
                0x0000000000100119                outw
                0x0000000000100124                outl
                0x000000000010012e                _rtcin
                0x0000000000100139                ___udivsi3
                0x0000000000100144                ___divsi3
                0x0000000000100150                sbzero
                0x0000000000100160                bcopy
                0x0000000000100174                insw
                0x000000000010018a                outsw
                0x00000000001001a0                lidt
 .text          0x00000000001001a8      0x2e5 binaries/ascdate.o
                0x00000000001001a8                ascdate
 .text.__x86.get_pc_thunk.bx
                0x000000000010048d        0x4 binaries/ascdate.o
                0x000000000010048d                __x86.get_pc_thunk.bx
 .text          0x0000000000100491       0x1c binaries/bufinit.o
                0x0000000000100491                bufinit
 .text.__x86.get_pc_thunk.ax
                0x00000000001004ad        0x4 binaries/bufinit.o
                0x00000000001004ad                __x86.get_pc_thunk.ax
 .text          0x00000000001004b1      0x22f binaries/chprio.o
                0x00000000001004b1                prinh_chprio
                0x000000000010057f                chprio
 .text          0x00000000001006e0       0x92 binaries/clkhandler.o
                0x00000000001006e0                clkhandler
 .text          0x0000000000100772       0x6e binaries/clkinit.o
                0x0000000000100772                clkinit
 .text          0x00000000001007e0       0x5c binaries/close.o
                0x00000000001007e0                close
 .text          0x000000000010083c        0x0 binaries/conf.o
 .text          0x000000000010083c       0x65 binaries/control.o
                0x000000000010083c                control
 .text          0x00000000001008a1      0x28b binaries/create.o
                0x00000000001008a1                create
 .text          0x0000000000100b2c      0x23b binaries/early_imr.o
                0x0000000000100b2c                intel_cln_early_sb_read_reg
                0x0000000000100b93                intel_cln_early_sb_write_reg
                0x0000000000100c52                remove_irm_protections
 .text          0x0000000000100d67      0x379 binaries/evec.o
                0x0000000000100d67                setirmask
                0x0000000000100db8                set_evec
                0x0000000000100e2c                initevec
                0x0000000000100f0d                trap
 .text          0x00000000001010e0       0x91 binaries/freebuf.o
                0x00000000001010e0                freebuf
 .text          0x0000000000101171      0x123 binaries/freemem.o
                0x0000000000101171                freemem
 .text          0x0000000000101294       0x75 binaries/getbuf.o
                0x0000000000101294                getbuf
 .text          0x0000000000101309       0x5c binaries/getc.o
                0x0000000000101309                getc
 .text          0x0000000000101365       0x79 binaries/getdev.o
                0x0000000000101365                getdev
 .text          0x00000000001013de       0x96 binaries/getitem.o
                0x00000000001013de                getitem
                0x0000000000101411                getfirst
                0x0000000000101441                getlast
 .text.__x86.get_pc_thunk.dx
                0x0000000000101474        0x4 binaries/getitem.o
                0x0000000000101474                __x86.get_pc_thunk.dx
 .text          0x0000000000101478       0xce binaries/getmem.o
                0x0000000000101478                getmem
 .text          0x0000000000101546       0x13 binaries/getpid.o
                0x0000000000101546                getpid
 .text          0x0000000000101559       0x7a binaries/getprio.o
                0x0000000000101559                getprio
 .text          0x00000000001015d3       0xc0 binaries/getstk.o
                0x00000000001015d3                getstk
 .text          0x0000000000101693       0x41 binaries/gettime.o
                0x0000000000101693                gettime
 .text          0x00000000001016d4      0x1e3 binaries/getutime.o
                0x00000000001016d4                getutime
 .text          0x00000000001018b7       0x5c binaries/init.o
                0x00000000001018b7                init
 .text          0x0000000000101913      0x299 binaries/initialize.o
                0x0000000000101913                nulluser
                0x0000000000101b57                stop
                0x0000000000101b89                delay
 .text          0x0000000000101bac       0x9e binaries/insert.o
                0x0000000000101bac                insert
 .text.__x86.get_pc_thunk.di
                0x0000000000101c4a        0x4 binaries/insert.o
                0x0000000000101c4a                __x86.get_pc_thunk.di
 .text          0x0000000000101c4e       0xfd binaries/insertd.o
                0x0000000000101c4e                insertd
 .text          0x0000000000101d4b        0x6 binaries/ioerr.o
                0x0000000000101d4b                ioerr
 .text          0x0000000000101d51        0x6 binaries/ionull.o
                0x0000000000101d51                ionull
 .text          0x0000000000101d57      0x2f0 binaries/kill.o
                0x0000000000101d57                kill
 .text          0x0000000000102047       0xe2 binaries/kprintf.o
                0x0000000000102047                kputc
                0x0000000000102085                console_init
                0x00000000001020c9                kgetc
                0x00000000001020f8                kprintf
 .text          0x0000000000102129       0x93 binaries/lcreate.o
                0x0000000000102129                lcreate
 .text          0x00000000001021bc      0x148 binaries/ldelete.o
                0x00000000001021bc                ldelete
 .text          0x0000000000102304       0x41 binaries/linit.o
                0x0000000000102304                linit
 .text          0x0000000000102345      0x140 binaries/lockall.o
                0x0000000000102345                lockall
 .text          0x0000000000102485      0x4c5 binaries/lock.o
                0x0000000000102485                prinh_block
                0x00000000001025db                lock
                0x0000000000102939                max
 .text          0x000000000010294a      0x1a3 binaries/lqueue.o
                0x000000000010294a                lq_empty
                0x000000000010296d                lq_init
                0x0000000000102986                lq_enqueue
                0x00000000001029bb                lq_dequeue
                0x00000000001029ea                lq_sort
                0x0000000000102a56                print_lqueue
 .text          0x0000000000102aed     0x2eea binaries/main.o
                0x0000000000102aed                loop
                0x0000000000102b46                holder10
                0x0000000000102bb3                waiter10
                0x0000000000102c3d                counter
                0x0000000000102cad                read_count
                0x0000000000102d3a                reader1
                0x0000000000102e46                writer1
                0x0000000000102f43                lp
                0x000000000010300e                proc1
                0x00000000001030f4                grabber
                0x00000000001031a4                test14_proc
                0x0000000000103378                waitingWriter
                0x000000000010341e                test13_proc
                0x00000000001037f7                test18
                0x00000000001039b2                test17
                0x0000000000103acc                test16
                0x0000000000104017                test10
                0x0000000000104147                test8
                0x000000000010424c                test9
                0x0000000000104351                test9point5
                0x0000000000104505                test7
                0x000000000010465c                test0
                0x000000000010475d                test1
                0x0000000000104861                test2
                0x0000000000104966                test3
                0x0000000000104a5f                test4
                0x0000000000104bc6                test5
                0x0000000000104d30                test11
                0x0000000000104e90                printPri
                0x0000000000104f14                test15
                0x0000000000105126                test14
                0x000000000010534f                test13
                0x00000000001055b0                test12
                0x0000000000105795                test6
                0x00000000001058d6                main
 .text          0x00000000001059d7       0xb3 binaries/mark.o
                0x00000000001059d7                markinit
                0x0000000000105a06                mark
 .text          0x0000000000105a8a      0x22c binaries/meminit.o
                0x0000000000105a8a                meminit
                0x0000000000105c30                setsegs
 .text          0x0000000000105cb6      0x14a binaries/mkbufpool.o
                0x0000000000105cb6                mkbufpool
 .text          0x0000000000105e00       0x5e binaries/newqueue.o
                0x0000000000105e00                newqueue
 .text.__x86.get_pc_thunk.cx
                0x0000000000105e5e        0x4 binaries/newqueue.o
                0x0000000000105e5e                __x86.get_pc_thunk.cx
 .text          0x0000000000105e62       0x64 binaries/open.o
                0x0000000000105e62                open
 .text          0x0000000000105ec6       0x2c binaries/panic.o
                0x0000000000105ec6                panic
 .text          0x0000000000105ef2      0x280 binaries/pci.o
                0x0000000000105ef2                pci_init
                0x0000000000105ef8                find_pci_device
                0x0000000000105fba                pci_read_config_byte
                0x0000000000105ff7                pci_read_config_word
                0x0000000000106036                pci_read_config_dword
                0x0000000000106073                pci_write_config_byte
                0x00000000001060ae                pci_write_config_word
                0x00000000001060ea                pci_write_config_dword
                0x0000000000106125                pci_get_dev_mmio_base_addr
 .text          0x0000000000106172       0x68 binaries/platinit.o
                0x0000000000106172                platinit
 .text          0x00000000001061da       0xab binaries/ptclear.o
                0x00000000001061da                _ptclear
 .text          0x0000000000106285       0x9f binaries/ptcount.o
                0x0000000000106285                ptcount
 .text          0x0000000000106324       0xf4 binaries/ptcreate.o
                0x0000000000106324                ptcreate
 .text          0x0000000000106418       0x70 binaries/ptdelete.o
                0x0000000000106418                ptdelete
 .text          0x0000000000106488       0xa0 binaries/ptinit.o
                0x0000000000106488                ptinit
 .text          0x0000000000106528      0x123 binaries/ptrecv.o
                0x0000000000106528                ptrecv
 .text          0x000000000010664b       0x68 binaries/ptreset.o
                0x000000000010664b                ptreset
 .text          0x00000000001066b3      0x15c binaries/ptsend.o
                0x00000000001066b3                ptsend
 .text          0x000000000010680f       0x6e binaries/putc.o
                0x000000000010680f                putc
 .text          0x000000000010687d       0xc3 binaries/quark_irq.o
                0x000000000010687d                quark_irq_routing
 .text          0x0000000000106940      0x1bb binaries/quark_pdat.o
                0x0000000000106940                get_quark_pdat_entry_data_by_id
                0x0000000000106a19                get_quark_pdat_entry_data_by_desc
 .text          0x0000000000106afb       0xcc binaries/queue.o
                0x0000000000106afb                enqueue
                0x0000000000106b6c                dequeue
 .text          0x0000000000106bc7       0x64 binaries/read.o
                0x0000000000106bc7                read
 .text          0x0000000000106c2b       0x85 binaries/ready.o
                0x0000000000106c2b                ready
 .text          0x0000000000106cb0       0x8e binaries/receive.o
                0x0000000000106cb0                receive
 .text          0x0000000000106d3e       0x6f binaries/recvclr.o
                0x0000000000106d3e                recvclr
 .text          0x0000000000106dad       0xde binaries/recvtime.o
                0x0000000000106dad                recvtime
 .text          0x0000000000106e8b      0x6ae binaries/releaseall.o
                0x0000000000106e8b                reset_maxprio
                0x0000000000106f0f                release_lock
                0x00000000001072a5                prinh_release
                0x000000000010739a                releaseall
                0x000000000010745d                printQueue
 .text.__x86.get_pc_thunk.bp
                0x0000000000107539        0x4 binaries/releaseall.o
                0x0000000000107539                __x86.get_pc_thunk.bp
 .text          0x000000000010753d      0x194 binaries/resched.o
                0x000000000010753d                resched
                0x0000000000107644                resched_cntl
 .text          0x00000000001076d1       0xa1 binaries/resume.o
                0x00000000001076d1                resume
 .text          0x0000000000107772       0x60 binaries/seek.o
                0x0000000000107772                seek
 .text          0x00000000001077d2       0x65 binaries/semcount.o
                0x00000000001077d2                semcount
 .text          0x0000000000107837       0xb5 binaries/semcreate.o
                0x0000000000107837                semcreate
 .text          0x00000000001078ec       0xe0 binaries/semdelete.o
                0x00000000001078ec                semdelete
 .text          0x00000000001079cc       0xc0 binaries/semreset.o
                0x00000000001079cc                semreset
 .text          0x0000000000107a8c       0xe0 binaries/send.o
                0x0000000000107a8c                send
 .text          0x0000000000107b6c       0xa9 binaries/signal.o
                0x0000000000107b6c                signal
 .text          0x0000000000107c15       0xe9 binaries/signaln.o
                0x0000000000107c15                signaln
 .text          0x0000000000107cfe       0xdd binaries/sleep.o
                0x0000000000107cfe                sleepms
                0x0000000000107da5                sleep
 .text          0x0000000000107ddb       0xe6 binaries/suspend.o
                0x0000000000107ddb                suspend
 .text          0x0000000000107ec1       0xa5 binaries/unsleep.o
                0x0000000000107ec1                unsleep
 .text          0x0000000000107f66       0x22 binaries/userret.o
                0x0000000000107f66                userret
 .text          0x0000000000107f88       0xcf binaries/wait.o
                0x0000000000107f88                wait
 .text          0x0000000000108057       0x88 binaries/wakeup.o
                0x0000000000108057                wakeup
 .text          0x00000000001080df       0x64 binaries/write.o
                0x00000000001080df                write
 .text          0x0000000000108143       0x25 binaries/xdone.o
                0x0000000000108143                xdone
 .text          0x0000000000108168       0x30 binaries/yield.o
                0x0000000000108168                yield
 .text          0x0000000000108198        0xe binaries/abs.o
                0x0000000000108198                abs
 .text          0x00000000001081a6       0x60 binaries/atoi.o
                0x00000000001081a6                atoi
 .text          0x0000000000108206       0x60 binaries/atol.o
                0x0000000000108206                atol
 .text          0x0000000000108266       0x18 binaries/bzero.o
                0x0000000000108266                bzero
 .text          0x000000000010827e        0x0 binaries/ctype_.o
 .text          0x000000000010827e      0x83f binaries/doprnt.o
                0x00000000001083f4                _doprnt
 .text.__x86.get_pc_thunk.si
                0x0000000000108abd        0x4 binaries/doprnt.o
                0x0000000000108abd                __x86.get_pc_thunk.si
 .text          0x0000000000108ac1      0x776 binaries/doscan.o
                0x0000000000108ac1                _doscan
 .text          0x0000000000109237      0x7a9 binaries/fdoprnt.o
                0x00000000001092bd                _fdoprnt
 .text          0x00000000001099e0       0x2b binaries/fgetc.o
                0x00000000001099e0                fgetc
 .text          0x0000000000109a0b       0x68 binaries/fgets.o
                0x0000000000109a0b                fgets
 .text          0x0000000000109a73       0x31 binaries/fprintf.o
                0x0000000000109a73                fprintf
 .text          0x0000000000109aa4       0x36 binaries/fputc.o
                0x0000000000109aa4                fputc
 .text          0x0000000000109ada       0x45 binaries/fputs.o
                0x0000000000109ada                fputs
 .text          0x0000000000109b1f       0x88 binaries/fscanf.o
                0x0000000000109b66                fscanf
 .text          0x0000000000109ba7       0x3b binaries/getchar.o
                0x0000000000109ba7                getchar
 .text          0x0000000000109be2        0xe binaries/labs.o
                0x0000000000109be2                labs
 .text          0x0000000000109bf0       0x34 binaries/memchr.o
                0x0000000000109bf0                memchr
 .text          0x0000000000109c24       0x47 binaries/memcmp.o
                0x0000000000109c24                memcmp
 .text          0x0000000000109c6b       0x25 binaries/memcpy.o
                0x0000000000109c6b                memcpy
 .text          0x0000000000109c90       0x1e binaries/memset.o
                0x0000000000109c90                memset
 .text          0x0000000000109cae       0x4f binaries/printf.o
                0x0000000000109cae                printf
 .text          0x0000000000109cfd       0x3f binaries/putchar.o
                0x0000000000109cfd                putchar
 .text          0x0000000000109d3c      0x22b binaries/qsort.o
                0x0000000000109f2f                qsort
 .text          0x0000000000109f67       0x3e binaries/rand.o
                0x0000000000109f67                srand
                0x0000000000109f7c                rand
 .text          0x0000000000109fa5       0x58 binaries/sprintf.o
                0x0000000000109fbc                sprintf
 .text          0x0000000000109ffd       0x68 binaries/sscanf.o
                0x000000000010a026                sscanf
 .text          0x000000000010a065       0x2f binaries/strchr.o
                0x000000000010a065                strchr
 .text          0x000000000010a094       0x41 binaries/strcmp.o
                0x000000000010a094                strcmp
 .text          0x000000000010a0d5       0x1a binaries/strcpy.o
                0x000000000010a0d5                strcpy
 .text          0x000000000010a0ef       0x1c binaries/strlen.o
                0x000000000010a0ef                strlen
 .text          0x000000000010a10b       0x3a binaries/strncat.o
                0x000000000010a10b                strncat
 .text          0x000000000010a145       0x36 binaries/strncmp.o
                0x000000000010a145                strncmp
 .text          0x000000000010a17b       0x57 binaries/strncpy.o
                0x000000000010a17b                strncpy
 .text          0x000000000010a1d2       0x2e binaries/strnlen.o
                0x000000000010a1d2                strnlen
 .text          0x000000000010a200       0x34 binaries/strrchr.o
                0x000000000010a200                strrchr
 .text          0x000000000010a234       0x75 binaries/strstr.o
                0x000000000010a234                strstr
 .text          0x000000000010a2a9      0x164 binaries/ttycontrol.o
                0x000000000010a2a9                ttycontrol
 .text          0x000000000010a40d       0xda binaries/ttygetc.o
                0x000000000010a40d                ttygetc
 .text          0x000000000010a4e7      0x4f5 binaries/ttyhandle_in.o
                0x000000000010a5a7                ttyhandle_in
 .text          0x000000000010a9dc      0x181 binaries/ttyhandle_out.o
                0x000000000010a9dc                ttyhandle_out
 .text          0x000000000010ab5d       0x93 binaries/ttyhandler.o
                0x000000000010ab5d                ttyhandler
 .text          0x000000000010abf0      0x17a binaries/ttyinit.o
                0x000000000010abf0                ttyinit
 .text          0x000000000010ad6a        0xc binaries/ttykickout.o
                0x000000000010ad6a                ttykickout
 .text          0x000000000010ad76       0xf0 binaries/ttyputc.o
                0x000000000010ad76                ttyputc
 .text          0x000000000010ae66      0x143 binaries/ttyread.o
                0x000000000010ae66                ttyread
 .text          0x000000000010afa9       0x59 binaries/ttywrite.o
                0x000000000010afa9                ttywrite
 .text          0x000000000010b002      0x152 binaries/mount.o
                0x000000000010b002                namlen
                0x000000000010b038                mount
 .text          0x000000000010b154      0x1f2 binaries/naminit.o
                0x000000000010b154                naminit
 .text          0x000000000010b346      0x231 binaries/nammap.o
                0x000000000010b346                namrepl
                0x000000000010b483                namcpy
                0x000000000010b4ce                nammap
 .text          0x000000000010b577       0x5b binaries/namopen.o
                0x000000000010b577                namopen
 .text          0x000000000010b5d2       0xfc binaries/colon2mac.o
                0x000000000010b5d2                colon2mac
 .text          0x000000000010b6ce       0x8d binaries/ethcontrol.o
                0x000000000010b6ce                ethcontrol
 .text          0x000000000010b75b      0x1bc binaries/ethhandler.o
                0x000000000010b75b                ethhandler
 .text          0x000000000010b917      0x573 binaries/ethinit.o
                0x000000000010b917                eth_phy_read
                0x000000000010b952                eth_phy_write
                0x000000000010b990                eth_phy_reset
                0x000000000010ba65                ethinit
 .text          0x000000000010be8a      0x10d binaries/ethmcast.o
                0x000000000010be8a                ethmcast_add
                0x000000000010bede                ethmcast_remove
 .text          0x000000000010bf97      0x1d8 binaries/ethread.o
                0x000000000010bf97                ethread
 .text          0x000000000010c16f       0xdf binaries/ethwrite.o
                0x000000000010c16f                ethwrite
 .text          0x000000000010c24e       0x73 binaries/rdsbufalloc.o
                0x000000000010c24e                rdsbufalloc
 .text          0x000000000010c2c1       0xb7 binaries/rdsclose.o
                0x000000000010c2c1                rdsclose
 .text          0x000000000010c378      0x22d binaries/rdscomm.o
                0x000000000010c378                rdscomm
 .text          0x000000000010c5a5      0x1d8 binaries/rdscontrol.o
                0x000000000010c5a5                rdscontrol
 .text          0x000000000010c77d      0x201 binaries/rdsinit.o
                0x000000000010c77d                rdsinit
 .text          0x000000000010c97e      0x1a4 binaries/rdsopen.o
                0x000000000010c97e                rdsopen
 .text          0x000000000010cb22      0x2e5 binaries/rdsprocess.o
                0x000000000010cb22                rdsprocess
 .text          0x000000000010ce07      0x209 binaries/rdsread.o
                0x000000000010ce07                rdsread
 .text          0x000000000010d010      0x1b3 binaries/rdswrite.o
                0x000000000010d010                rdswrite
 .text          0x000000000010d1c3        0x6 binaries/ramclose.o
                0x000000000010d1c3                ramclose
 .text          0x000000000010d1c9       0x42 binaries/raminit.o
                0x000000000010d1c9                raminit
 .text          0x000000000010d20b        0x7 binaries/ramopen.o
                0x000000000010d20b                ramopen
 .text          0x000000000010d212       0x35 binaries/ramread.o
                0x000000000010d212                ramread
 .text          0x000000000010d247       0x35 binaries/ramwrite.o
                0x000000000010d247                ramwrite
 .text          0x000000000010d27c       0xa3 binaries/lfdballoc.o
                0x000000000010d27c                lfdballoc
 .text          0x000000000010d31f       0x5c binaries/lfdbfree.o
                0x000000000010d31f                lfdbfree
 .text          0x000000000010d37b       0xb5 binaries/lfflush.o
                0x000000000010d37b                lfflush
 .text          0x000000000010d430       0x74 binaries/lfgetmode.o
                0x000000000010d430                lfgetmode
 .text          0x000000000010d4a4       0x70 binaries/lfiballoc.o
                0x000000000010d4a4                lfiballoc
 .text          0x000000000010d514       0x25 binaries/lfibclear.o
                0x000000000010d514                lfibclear
 .text          0x000000000010d539       0x8f binaries/lfibget.o
                0x000000000010d539                lfibget
 .text          0x000000000010d5c8       0xa8 binaries/lfibput.o
                0x000000000010d5c8                lfibput
 .text          0x000000000010d670       0xc1 binaries/lflclose.o
                0x000000000010d670                lflclose
 .text          0x000000000010d731       0xdb binaries/lflcontrol.o
                0x000000000010d731                lflcontrol
 .text          0x000000000010d80c      0x118 binaries/lflgetc.o
                0x000000000010d80c                lflgetc
 .text          0x000000000010d924       0xf6 binaries/lflinit.o
                0x000000000010d924                lflinit
 .text          0x000000000010da1a      0x150 binaries/lflputc.o
                0x000000000010da1a                lflputc
 .text          0x000000000010db6a       0x77 binaries/lflread.o
                0x000000000010db6a                lflread
 .text          0x000000000010dbe1       0xda binaries/lflseek.o
                0x000000000010dbe1                lflseek
 .text          0x000000000010dcbb       0x65 binaries/lflwrite.o
                0x000000000010dcbb                lflwrite
 .text          0x000000000010dd20      0x14f binaries/lfsckfmt.o
                0x000000000010dd20                lfsckfmt
 .text          0x000000000010de6f      0x1d3 binaries/lfscreate.o
                0x000000000010de6f                lfscreate
 .text          0x000000000010e042      0x1f7 binaries/lfsetup.o
                0x000000000010e042                lfsetup
 .text          0x000000000010e239       0x52 binaries/lfsinit.o
                0x000000000010e239                lfsinit
 .text          0x000000000010e28b      0x33f binaries/lfsopen.o
                0x000000000010e28b                lfsopen
 .text          0x000000000010e5ca      0x151 binaries/lftruncate.o
                0x000000000010e5ca                lftruncate
 .text          0x000000000010e71b       0x83 binaries/rflclose.o
                0x000000000010e71b                rflclose
 .text          0x000000000010e79e       0x38 binaries/rflgetc.o
                0x000000000010e79e                rflgetc
 .text          0x000000000010e7d6       0x80 binaries/rflinit.o
                0x000000000010e7d6                rflinit
 .text          0x000000000010e856       0x3b binaries/rflputc.o
                0x000000000010e856                rflputc
 .text          0x000000000010e891      0x33b binaries/rflread.o
                0x000000000010e891                rflread
 .text          0x000000000010ebcc       0x87 binaries/rflseek.o
                0x000000000010ebcc                rflseek
 .text          0x000000000010ec53      0x360 binaries/rflwrite.o
                0x000000000010ec53                rflwrite
 .text          0x000000000010efb3      0x1a6 binaries/rfscomm.o
                0x000000000010efb3                rfscomm
 .text          0x000000000010f159      0x27f binaries/rfscontrol.o
                0x000000000010f159                rfscontrol
 .text          0x000000000010f3d8       0x74 binaries/rfsgetmode.o
                0x000000000010f3d8                rfsgetmode
 .text          0x000000000010f44c       0x98 binaries/rfsinit.o
                0x000000000010f44c                rfsinit
 .text          0x000000000010f4e4       0xca binaries/rfsndmsg.o
                0x000000000010f4e4                rfsndmsg
 .text          0x000000000010f5ae      0x286 binaries/rfsopen.o
                0x000000000010f5ae                rfsopen
 .text          0x000000000010f834      0x6c0 binaries/arp.o
                0x000000000010f834                arp_init
                0x000000000010f85b                arp_alloc
                0x000000000010f90c                arp_ntoh
                0x000000000010f976                arp_hton
                0x000000000010f9e0                arp_resolve
                0x000000000010fc85                arp_in
 .text          0x000000000010fef4      0x5ea binaries/dhcp.o
                0x000000000010fef4                dhcp_get_opt_val
                0x000000000010ff45                dhcp_bld_bootp_msg
                0x0000000000110023                dhcp_bld_disc
                0x0000000000110073                dhcp_bld_req
                0x0000000000110119                getlocalip
 .text          0x00000000001104de       0xc6 binaries/dot2ip.o
                0x00000000001104de                dot2ip
 .text          0x00000000001105a4      0x3cf binaries/hexdump.o
                0x00000000001105a4                hexdump
                0x0000000000110736                hexadump
 .text          0x0000000000110973      0x778 binaries/icmp.o
                0x0000000000110973                icmp_init
                0x0000000000110997                icmp_register
                0x0000000000110a4b                icmp_recv
                0x0000000000110c06                icmp_mkpkt
                0x0000000000110cfd                icmp_in
                0x0000000000110ea3                icmp_send
                0x0000000000110f26                icmp_release
                0x0000000000111069                icmp_cksum
                0x00000000001110c3                icmp_hton
                0x00000000001110d7                icmp_ntoh
 .text          0x00000000001110eb      0x648 binaries/ip.o
                0x00000000001110eb                ip_local
                0x0000000000111138                ipcksum
                0x0000000000111186                ip_ntoh
                0x00000000001111f0                ip_in
                0x0000000000111339                ip_hton
                0x00000000001113a3                ip_out
                0x0000000000111463                ip_send
                0x000000000011158d                ipout
                0x0000000000111690                ip_enqueue
 .text          0x0000000000111733      0x1cc binaries/net.o
                0x0000000000111733                net_init
                0x0000000000111841                eth_hton
                0x000000000011184b                eth_ntoh
                0x0000000000111855                netin
 .text          0x00000000001118ff       0xd9 binaries/netstart.o
                0x00000000001118ff                netstart
 .text          0x00000000001119d8      0xae9 binaries/pdump.o
                0x00000000001119d8                pdump
                0x0000000000112015                pdumph
 .text          0x00000000001124c1      0x5ff binaries/tftp.o
                0x00000000001124c1                tftp_send1
                0x00000000001125e3                tftpget_mb
                0x0000000000112a99                tftpget
 .text          0x0000000000112ac0      0xa9c binaries/udp.o
                0x0000000000112ac0                udp_init
                0x0000000000112b03                udp_in
                0x0000000000112c1f                udp_register
                0x0000000000112d3a                udp_recv
                0x0000000000112edf                udp_recvaddr
                0x0000000000113098                udp_send
                0x0000000000113265                udp_sendto
                0x00000000001133f1                udp_release
                0x0000000000113534                udp_ntoh
                0x0000000000113548                udp_hton
 .text          0x000000000011355c      0x148 binaries/addargs.o
                0x000000000011355c                addargs
 .text          0x00000000001136a4      0x234 binaries/lexan.o
                0x00000000001136a4                lexan
 .text          0x00000000001138d8      0x648 binaries/shell.o
                0x00000000001138d8                shell
 .text          0x0000000000113f20       0x6e binaries/xsh_argecho.o
                0x0000000000113f20                xsh_argecho
 .text          0x0000000000113f8e      0x244 binaries/xsh_arp.o
                0x0000000000113f8e                xsh_arp
 .text          0x00000000001141d2      0x283 binaries/xsh_cat.o
                0x00000000001141d2                xsh_cat
 .text          0x0000000000114455       0x73 binaries/xsh_clear.o
                0x0000000000114455                xsh_clear
 .text          0x00000000001144c8      0x2da binaries/xsh_date.o
                0x00000000001144c8                xsh_date
 .text          0x00000000001147a2       0xad binaries/xsh_devdump.o
                0x00000000001147a2                xsh_devdump
 .text          0x000000000011484f       0x77 binaries/xsh_echo.o
                0x000000000011484f                xsh_echo
 .text          0x00000000001148c6        0x6 binaries/xsh_exit.o
                0x00000000001148c6                xsh_exit
 .text          0x00000000001148cc      0x38a binaries/xsh_help.o
                0x00000000001148cc                xsh_help
 .text          0x0000000000114c56      0x39e binaries/xsh_ipaddr.o
                0x0000000000114c56                xsh_ipaddr
 .text          0x0000000000114ff4      0x21d binaries/xsh_kill.o
                0x0000000000114ff4                xsh_kill
 .text          0x0000000000115211      0x45e binaries/xsh_memdump.o
                0x00000000001152bb                xsh_memdump
 .text          0x000000000011566f      0x231 binaries/xsh_memstat.o
                0x000000000011566f                xsh_memstat
 .text          0x00000000001158a0      0x341 binaries/xsh_ping.o
                0x00000000001158a0                xsh_ping
 .text          0x0000000000115be1      0x1e6 binaries/xsh_ps.o
                0x0000000000115be1                xsh_ps
 .text          0x0000000000115dc7      0x1fc binaries/xsh_sleep.o
                0x0000000000115dc7                xsh_sleep
 .text          0x0000000000115fc3      0x227 binaries/xsh_udpdump.o
                0x0000000000115fc3                xsh_udpdump
 .text          0x00000000001161ea      0x4a9 binaries/xsh_udpecho.o
                0x00000000001161ea                xsh_udpecho
 .text          0x0000000000116693      0x2ce binaries/xsh_udpeserver.o
                0x0000000000116693                xsh_udpeserver
 .text          0x0000000000116961      0x202 binaries/xsh_uptime.o
                0x0000000000116961                xsh_uptime
 .text          0x0000000000116b63        0xe binaries/clkdisp.o
                0x0000000000116b63                clkdisp
 .text          0x0000000000116b71       0x19 binaries/ctxsw.o
                0x0000000000116b71                ctxsw
 .text          0x0000000000116b8a      0x368 binaries/intr.o
                0x0000000000116b8a                disable
                0x0000000000116b93                restore
                0x0000000000116ba1                enable
                0x0000000000116ba3                pause
                0x0000000000116baa                halt
                0x0000000000116bad                spurious_irq7
                0x0000000000116bb2                spurious_irq15
                0x0000000000116bc1                _Xint0
                0x0000000000116bcc                _Xint1
                0x0000000000116bd7                _Xint2
                0x0000000000116be2                _Xint3
                0x0000000000116bed                _Xint4
                0x0000000000116bf8                _Xint5
                0x0000000000116c03                _Xint6
                0x0000000000116c0e                _Xint7
                0x0000000000116c19                _Xint8
                0x0000000000116c24                _Xint9
                0x0000000000116c2f                _Xint10
                0x0000000000116c3a                _Xint11
                0x0000000000116c48                _Xint12
                0x0000000000116c56                _Xint13
                0x0000000000116c64                _Xint14
                0x0000000000116c72                _Xint15
                0x0000000000116c80                _Xint16
                0x0000000000116c8e                _Xint17
                0x0000000000116c9c                _Xint18
                0x0000000000116caa                _Xint19
                0x0000000000116cb8                _Xint20
                0x0000000000116cc6                _Xint21
                0x0000000000116cd4                _Xint22
                0x0000000000116ce2                _Xint23
                0x0000000000116cf0                _Xint24
                0x0000000000116cfe                _Xint25
                0x0000000000116d0c                _Xint26
                0x0000000000116d1a                _Xint27
                0x0000000000116d28                _Xint28
                0x0000000000116d36                _Xint29
                0x0000000000116d44                _Xint30
                0x0000000000116d52                _Xint31
                0x0000000000116d60                _Xint32
                0x0000000000116d6e                _Xint33
                0x0000000000116d7c                _Xint34
                0x0000000000116d8a                _Xint35
                0x0000000000116d98                _Xint36
                0x0000000000116da6                _Xint37
                0x0000000000116db4                _Xint38
                0x0000000000116dc2                _Xint39
                0x0000000000116dd0                _Xint40
                0x0000000000116dde                _Xint41
                0x0000000000116dec                _Xint42
                0x0000000000116dfa                _Xint43
                0x0000000000116e08                _Xint44
                0x0000000000116e16                _Xint45
                0x0000000000116e24                _Xint46
                0x0000000000116e32                defevec
 .text          0x0000000000116ef2        0xf binaries/ttydispatch.o
                0x0000000000116ef2                ttydispatch
 .text          0x0000000000116f01       0x13 binaries/ethdispatch.o
                0x0000000000116f01                ethdispatch
 *(.rodata .rodata.*)
 .rodata.str1.1
                0x0000000000116f14       0x54 binaries/ascdate.o
 .rodata.str1.4
                0x0000000000116f68       0x22 binaries/ascdate.o
 .rodata.str1.1
                0x0000000000116f8a       0x5f binaries/conf.o
 *fill*         0x0000000000116fe9        0x3 
 .rodata.str1.4
                0x0000000000116fec       0x4f binaries/early_imr.o
 *fill*         0x000000000011703b        0x1 
 .rodata        0x000000000011703c       0x33 binaries/early_imr.o
 .rodata.str1.1
                0x000000000011706f      0x20c binaries/evec.o
 *fill*         0x000000000011727b        0x1 
 .rodata.str1.4
                0x000000000011727c       0x23 binaries/evec.o
 .rodata.str1.1
                0x000000000011729f        0xb binaries/getutime.o
 *fill*         0x00000000001172aa        0x2 
 .rodata.str1.4
                0x00000000001172ac       0x54 binaries/getutime.o
 .rodata.str1.1
                0x0000000000117300       0x63 binaries/initialize.o
                                         0x67 (size before relaxing)
 *fill*         0x0000000000117363        0x1 
 .rodata.str1.4
                0x0000000000117364       0xd4 binaries/initialize.o
 .rodata        0x0000000000117438       0x28 binaries/kill.o
 .rodata.str1.1
                0x0000000000117460       0x19 binaries/lqueue.o
                                         0x1f (size before relaxing)
 .rodata.str1.1
                0x0000000000117479      0xa00 binaries/main.o
                                        0xa14 (size before relaxing)
 *fill*         0x0000000000117e79        0x3 
 .rodata.str1.4
                0x0000000000117e7c      0x873 binaries/main.o
 *fill*         0x00000000001186ef        0x1 
 .rodata        0x00000000001186f0       0x30 binaries/main.o
 .rodata.str1.4
                0x0000000000118720       0x23 binaries/meminit.o
 .rodata.str1.1
                0x0000000000118743       0x1b binaries/meminit.o
 .rodata.str1.1
                0x000000000011875e        0xf binaries/panic.o
 .rodata.str1.1
                0x000000000011876d       0x1c binaries/ptinit.o
 *fill*         0x0000000000118789        0x3 
 .rodata.str1.4
                0x000000000011878c       0x25 binaries/ptsend.o
 .rodata.str1.1
                0x00000000001187b1       0x22 binaries/quark_pdat.o
 .rodata.str1.1
                0x00000000001187d3        0xe binaries/releaseall.o
                                         0x10 (size before relaxing)
 *fill*         0x00000000001187e1        0x3 
 .rodata.str1.4
                0x00000000001187e4       0x8a binaries/releaseall.o
 *fill*         0x000000000011886e        0x2 
 .rodata.str1.4
                0x0000000000118870       0x27 binaries/xdone.o
 *fill*         0x0000000000118897        0x9 
 .rodata        0x00000000001188a0       0x81 binaries/ctype_.o
                0x00000000001188a0                _ctype_
 .rodata.str1.1
                0x0000000000118921       0x29 binaries/doprnt.o
 *fill*         0x000000000011894a        0x2 
 .rodata        0x000000000011894c       0xc4 binaries/doprnt.o
 .rodata        0x0000000000118a10       0x98 binaries/doscan.o
 .rodata.str1.1
                0x0000000000118aa8       0x29 binaries/fdoprnt.o
 .rodata        0x0000000000118aa8       0x84 binaries/fdoprnt.o
 .rodata        0x0000000000118b2c       0x20 binaries/ttycontrol.o
 .rodata.str1.4
                0x0000000000118b4c       0x4c binaries/naminit.o
 .rodata.str1.1
                0x0000000000118b98       0x32 binaries/naminit.o
                                         0x35 (size before relaxing)
 .rodata.str1.1
                0x0000000000118bca       0x15 binaries/ethinit.o
 *fill*         0x0000000000118bdf        0x1 
 .rodata.str1.4
                0x0000000000118be0       0x2e binaries/ethinit.o
 *fill*         0x0000000000118c0e        0x2 
 .rodata.str1.4
                0x0000000000118c10       0x2c binaries/rdsbufalloc.o
 .rodata.str1.4
                0x0000000000118c3c       0x76 binaries/rdscomm.o
 *fill*         0x0000000000118cb2        0x2 
 .rodata.str1.4
                0x0000000000118cb4       0x48 binaries/rdscontrol.o
 .rodata.str1.4
                0x0000000000118cfc       0x7e binaries/rdsinit.o
 .rodata.str1.1
                0x0000000000118d7a       0x18 binaries/rdsinit.o
 *fill*         0x0000000000118d92        0x2 
 .rodata.str1.4
                0x0000000000118d94       0x22 binaries/rdsopen.o
 *fill*         0x0000000000118db6        0x2 
 .rodata.str1.4
                0x0000000000118db8       0x4d binaries/rdsprocess.o
 .rodata.str1.1
                0x0000000000118e05        0x9 binaries/raminit.o
 .rodata.str1.1
                0x0000000000118e0e       0x13 binaries/lfdballoc.o
 *fill*         0x0000000000118e21        0x3 
 .rodata.str1.4
                0x0000000000118e24       0x23 binaries/lfdballoc.o
 .rodata.str1.1
                0x0000000000118e47       0x14 binaries/lfiballoc.o
 *fill*         0x0000000000118e5b        0x1 
 .rodata.str1.4
                0x0000000000118e5c       0x23 binaries/lflcontrol.o
 .rodata.str1.1
                0x0000000000118e7f       0x64 binaries/lfsckfmt.o
 *fill*         0x0000000000118ee3        0x1 
 .rodata.str1.4
                0x0000000000118ee4       0x51 binaries/lfsckfmt.o
 *fill*         0x0000000000118f35        0x3 
 .rodata.str1.4
                0x0000000000118f38       0x21 binaries/rflread.o
 .rodata.str1.4
                0x0000000000118f59       0x21 binaries/rflwrite.o
 *fill*         0x0000000000118f59        0x3 
 .rodata.str1.4
                0x0000000000118f5c       0x75 binaries/rfscomm.o
 *fill*         0x0000000000118fd1        0x3 
 .rodata.str1.4
                0x0000000000118fd4       0x23 binaries/rfscontrol.o
 *fill*         0x0000000000118ff7        0x1 
 .rodata        0x0000000000118ff8       0x18 binaries/rfscontrol.o
 .rodata.str1.1
                0x0000000000119010       0x10 binaries/rfsinit.o
 .rodata.str1.4
                0x0000000000119010       0x57 binaries/rfsinit.o
 *fill*         0x0000000000119067        0x1 
 .rodata.str1.4
                0x0000000000119068       0x2a binaries/rfsndmsg.o
 .rodata.str1.4
                0x0000000000119092       0x22 binaries/rfsopen.o
 .rodata.str1.1
                0x0000000000119092       0x19 binaries/arp.o
 *fill*         0x00000000001190ab        0x1 
 .rodata.str1.4
                0x00000000001190ac       0x21 binaries/arp.o
 *fill*         0x00000000001190cd        0x3 
 .rodata.str1.4
                0x00000000001190d0       0xa6 binaries/dhcp.o
 .rodata.str1.1
                0x0000000000119176       0x4a binaries/dhcp.o
 .rodata.str1.1
                0x00000000001191c0       0x5a binaries/hexdump.o
                                         0x61 (size before relaxing)
 *fill*         0x000000000011921a        0x2 
 .rodata.str1.4
                0x000000000011921c       0x67 binaries/hexdump.o
 *fill*         0x0000000000119283        0x1 
 .rodata.str1.4
                0x0000000000119284       0x29 binaries/icmp.o
 .rodata.str1.1
                0x00000000001192ad       0x4e binaries/ip.o
 *fill*         0x00000000001192fb        0x1 
 .rodata.str1.4
                0x00000000001192fc       0x20 binaries/ip.o
 .rodata.str1.4
                0x000000000011931c       0x28 binaries/net.o
 .rodata.str1.1
                0x0000000000119344       0x27 binaries/net.o
 *fill*         0x000000000011936b        0x1 
 .rodata.str1.4
                0x000000000011936c       0xcf binaries/netstart.o
 .rodata.str1.1
                0x000000000011943b      0x141 binaries/pdump.o
                                        0x14b (size before relaxing)
 .rodata.str1.4
                0x000000000011957c      0x126 binaries/pdump.o
 *fill*         0x00000000001196a2        0x2 
 .rodata.str1.4
                0x00000000001196a4      0x148 binaries/tftp.o
 .rodata.str1.1
                0x00000000001197ec        0x6 binaries/tftp.o
                                          0xa (size before relaxing)
 .rodata.str1.1
                0x00000000001197f2       0xe3 binaries/shell.o
                                         0xff (size before relaxing)
 *fill*         0x00000000001198d5        0x3 
 .rodata.str1.4
                0x00000000001198d8      0x1c4 binaries/shell.o
 .rodata.str1.1
                0x0000000000119a9c       0x26 binaries/xsh_argecho.o
                                         0x28 (size before relaxing)
 .rodata.str1.1
                0x0000000000119ac2       0x70 binaries/xsh_arp.o
                                         0x72 (size before relaxing)
 *fill*         0x0000000000119b32        0x2 
 .rodata.str1.4
                0x0000000000119b34       0xb4 binaries/xsh_arp.o
 .rodata.str1.1
                0x0000000000119be8       0x2d binaries/xsh_cat.o
                                         0x4f (size before relaxing)
 *fill*         0x0000000000119c15        0x3 
 .rodata.str1.4
                0x0000000000119c18       0x52 binaries/xsh_cat.o
                                         0x79 (size before relaxing)
 .rodata.str1.1
                0x0000000000119c6a       0x15 binaries/xsh_clear.o
 .rodata.str1.1
                0x0000000000119c7f       0x46 binaries/xsh_date.o
                                         0x5f (size before relaxing)
 *fill*         0x0000000000119cc5        0x3 
 .rodata.str1.4
                0x0000000000119cc8      0x163 binaries/xsh_date.o
 .rodata.str1.1
                0x0000000000119e2b       0x5d binaries/xsh_devdump.o
 .rodata.str1.1
                0x0000000000119e88        0x4 binaries/xsh_echo.o
                                          0x9 (size before relaxing)
 .rodata.str1.1
                0x0000000000119e8c       0x65 binaries/xsh_help.o
                                         0xa3 (size before relaxing)
 *fill*         0x0000000000119ef1        0x3 
 .rodata.str1.4
                0x0000000000119ef4       0x7c binaries/xsh_help.o
                                         0xc6 (size before relaxing)
 .rodata.str1.1
                0x0000000000119f70       0x9c binaries/xsh_ipaddr.o
                                         0xf8 (size before relaxing)
 .rodata.str1.4
                0x000000000011a00c       0x4d binaries/xsh_ipaddr.o
                                         0x99 (size before relaxing)
 .rodata.str1.1
                0x000000000011a059       0x78 binaries/xsh_kill.o
                                         0x97 (size before relaxing)
 *fill*         0x000000000011a0d1        0x3 
 .rodata.str1.4
                0x000000000011a0d4       0x4a binaries/xsh_kill.o
                                         0x96 (size before relaxing)
 .rodata.str1.1
                0x000000000011a11e       0x84 binaries/xsh_memdump.o
                                         0xa8 (size before relaxing)
 *fill*         0x000000000011a1a2        0x2 
 .rodata.str1.4
                0x000000000011a1a4      0x15a binaries/xsh_memdump.o
                                        0x1aa (size before relaxing)
 .rodata.str1.1
                0x000000000011a2fe       0x40 binaries/xsh_memstat.o
                                         0x79 (size before relaxing)
 *fill*         0x000000000011a33e        0x2 
 .rodata.str1.4
                0x000000000011a340      0x187 binaries/xsh_memstat.o
                                        0x1af (size before relaxing)
 .rodata.str1.1
                0x000000000011a4c7       0x90 binaries/xsh_ping.o
                                         0xaf (size before relaxing)
 *fill*         0x000000000011a557        0x1 
 .rodata.str1.4
                0x000000000011a558       0x77 binaries/xsh_ping.o
                                         0xc6 (size before relaxing)
 .rodata.str1.1
                0x000000000011a5cf       0x74 binaries/xsh_ps.o
                                         0xd5 (size before relaxing)
 *fill*         0x000000000011a643        0x1 
 .rodata.str1.4
                0x000000000011a644       0x80 binaries/xsh_ps.o
                                         0xd0 (size before relaxing)
 .rodata.str1.1
                0x000000000011a6c4       0x31 binaries/xsh_sleep.o
                                         0x72 (size before relaxing)
 *fill*         0x000000000011a6f5        0x3 
 .rodata.str1.4
                0x000000000011a6f8       0x2a binaries/xsh_sleep.o
                                         0x7a (size before relaxing)
 .rodata.str1.1
                0x000000000011a722       0x6b binaries/xsh_udpdump.o
                                         0xd2 (size before relaxing)
 *fill*         0x000000000011a78d        0x3 
 .rodata.str1.4
                0x000000000011a790       0x94 binaries/xsh_udpdump.o
                                         0xe4 (size before relaxing)
 .rodata.str1.1
                0x000000000011a824       0xdb binaries/xsh_udpecho.o
                                         0xfa (size before relaxing)
 *fill*         0x000000000011a8ff        0x1 
 .rodata.str1.4
                0x000000000011a900       0xc7 binaries/xsh_udpecho.o
                                        0x116 (size before relaxing)
 .rodata.str1.1
                0x000000000011a9c7       0x66 binaries/xsh_udpeserver.o
                                         0x8f (size before relaxing)
 *fill*         0x000000000011aa2d        0x3 
 .rodata.str1.4
                0x000000000011aa30       0x29 binaries/xsh_udpeserver.o
                                         0x9f (size before relaxing)
 .rodata.str1.1
                0x000000000011aa59       0x49 binaries/xsh_uptime.o
                                         0x8c (size before relaxing)
 *fill*         0x000000000011aaa2        0x2 
 .rodata.str1.4
                0x000000000011aaa4       0x28 binaries/xsh_uptime.o
                                         0x76 (size before relaxing)
                0x000000000011aacc                etext = ABSOLUTE (.)
                0x000000000011b000                . = ALIGN (0x1000)
 *fill*         0x000000000011aacc      0x534 

.eh_frame       0x000000000011b000     0x90e8
 .eh_frame      0x000000000011b000       0x98 binaries/ascdate.o
 .eh_frame      0x000000000011b098       0x28 binaries/bufinit.o
                                         0x40 (size before relaxing)
 .eh_frame      0x000000000011b0c0      0x104 binaries/chprio.o
                                        0x130 (size before relaxing)
 .eh_frame      0x000000000011b1c4       0x24 binaries/clkhandler.o
                                         0x50 (size before relaxing)
 .eh_frame      0x000000000011b1e8       0x44 binaries/clkinit.o
                                         0x70 (size before relaxing)
 .eh_frame      0x000000000011b22c       0x44 binaries/close.o
                                         0x70 (size before relaxing)
 .eh_frame      0x000000000011b270       0x48 binaries/control.o
                                         0x74 (size before relaxing)
 .eh_frame      0x000000000011b2b8       0x5c binaries/create.o
                                         0x88 (size before relaxing)
 .eh_frame      0x000000000011b314      0x164 binaries/early_imr.o
                                        0x190 (size before relaxing)
 .eh_frame      0x000000000011b478      0x1f8 binaries/evec.o
                                        0x224 (size before relaxing)
 .eh_frame      0x000000000011b670       0x58 binaries/freebuf.o
                                         0x84 (size before relaxing)
 .eh_frame      0x000000000011b6c8       0x5c binaries/freemem.o
                                         0x88 (size before relaxing)
 .eh_frame      0x000000000011b724       0x50 binaries/getbuf.o
                                         0x7c (size before relaxing)
 .eh_frame      0x000000000011b774       0x44 binaries/getc.o
                                         0x70 (size before relaxing)
 .eh_frame      0x000000000011b7b8       0x60 binaries/getdev.o
                                         0x8c (size before relaxing)
 .eh_frame      0x000000000011b818       0x68 binaries/getitem.o
                                         0x94 (size before relaxing)
 .eh_frame      0x000000000011b880       0x54 binaries/getmem.o
                                         0x80 (size before relaxing)
 .eh_frame      0x000000000011b8d4       0x14 binaries/getpid.o
                                         0x40 (size before relaxing)
 .eh_frame      0x000000000011b8e8       0x40 binaries/getprio.o
                                         0x6c (size before relaxing)
 .eh_frame      0x000000000011b928       0x5c binaries/getstk.o
                                         0x88 (size before relaxing)
 .eh_frame      0x000000000011b984       0x2c binaries/gettime.o
                                         0x58 (size before relaxing)
 .eh_frame      0x000000000011b9b0       0x98 binaries/getutime.o
                                         0xc4 (size before relaxing)
 .eh_frame      0x000000000011ba48       0x44 binaries/init.o
                                         0x70 (size before relaxing)
 .eh_frame      0x000000000011ba8c       0xe0 binaries/initialize.o
                                        0x10c (size before relaxing)
 .eh_frame      0x000000000011bb6c       0x44 binaries/insert.o
                                         0x5c (size before relaxing)
 .eh_frame      0x000000000011bbb0       0x40 binaries/insertd.o
                                         0x6c (size before relaxing)
 .eh_frame      0x000000000011bbf0       0x14 binaries/ioerr.o
                                         0x2c (size before relaxing)
 .eh_frame      0x000000000011bc04       0x14 binaries/ionull.o
                                         0x2c (size before relaxing)
 .eh_frame      0x000000000011bc18       0xb0 binaries/kill.o
                                         0xdc (size before relaxing)
 .eh_frame      0x000000000011bcc8       0x90 binaries/kprintf.o
                                         0xd0 (size before relaxing)
 .eh_frame      0x000000000011bd58       0x50 binaries/lcreate.o
                                         0x7c (size before relaxing)
 .eh_frame      0x000000000011bda8       0x78 binaries/ldelete.o
                                         0xa4 (size before relaxing)
 .eh_frame      0x000000000011be20       0x2c binaries/linit.o
                                         0x58 (size before relaxing)
 .eh_frame      0x000000000011be4c       0xc8 binaries/lockall.o
                                         0xf4 (size before relaxing)
 .eh_frame      0x000000000011bf14      0x154 binaries/lock.o
                                        0x180 (size before relaxing)
 .eh_frame      0x000000000011c068       0xf4 binaries/lqueue.o
                                        0x120 (size before relaxing)
 .eh_frame      0x000000000011c15c     0x1b24 binaries/main.o
                                       0x1b50 (size before relaxing)
 .eh_frame      0x000000000011dc80       0x64 binaries/mark.o
                                         0x90 (size before relaxing)
 .eh_frame      0x000000000011dce4       0x80 binaries/meminit.o
                                         0xac (size before relaxing)
 .eh_frame      0x000000000011dd64       0x78 binaries/mkbufpool.o
                                         0xa4 (size before relaxing)
 .eh_frame      0x000000000011dddc       0x30 binaries/newqueue.o
                                         0x48 (size before relaxing)
 .eh_frame      0x000000000011de0c       0x48 binaries/open.o
                                         0x74 (size before relaxing)
 .eh_frame      0x000000000011de54       0x28 binaries/panic.o
                                         0x54 (size before relaxing)
 .eh_frame      0x000000000011de7c       0xf4 binaries/pci.o
                                        0x10c (size before relaxing)
 .eh_frame      0x000000000011df70       0x40 binaries/platinit.o
                                         0x6c (size before relaxing)
 .eh_frame      0x000000000011dfb0       0x6c binaries/ptclear.o
                                         0x98 (size before relaxing)
 .eh_frame      0x000000000011e01c       0x64 binaries/ptcount.o
                                         0x90 (size before relaxing)
 .eh_frame      0x000000000011e080       0x60 binaries/ptcreate.o
                                         0x8c (size before relaxing)
 .eh_frame      0x000000000011e0e0       0x48 binaries/ptdelete.o
                                         0x74 (size before relaxing)
 .eh_frame      0x000000000011e128       0x44 binaries/ptinit.o
                                         0x70 (size before relaxing)
 .eh_frame      0x000000000011e16c       0x64 binaries/ptrecv.o
                                         0x90 (size before relaxing)
 .eh_frame      0x000000000011e1d0       0x48 binaries/ptreset.o
                                         0x74 (size before relaxing)
 .eh_frame      0x000000000011e218       0x70 binaries/ptsend.o
                                         0x9c (size before relaxing)
 .eh_frame      0x000000000011e288       0x54 binaries/putc.o
                                         0x80 (size before relaxing)
 .eh_frame      0x000000000011e2dc       0x6c binaries/quark_irq.o
                                         0x98 (size before relaxing)
 .eh_frame      0x000000000011e348       0xe8 binaries/quark_pdat.o
                                        0x114 (size before relaxing)
 .eh_frame      0x000000000011e430       0x4c binaries/queue.o
                                         0x78 (size before relaxing)
 .eh_frame      0x000000000011e47c       0x48 binaries/read.o
                                         0x74 (size before relaxing)
 .eh_frame      0x000000000011e4c4       0x34 binaries/ready.o
                                         0x60 (size before relaxing)
 .eh_frame      0x000000000011e4f8       0x50 binaries/receive.o
                                         0x7c (size before relaxing)
 .eh_frame      0x000000000011e548       0x38 binaries/recvclr.o
                                         0x64 (size before relaxing)
 .eh_frame      0x000000000011e580       0x60 binaries/recvtime.o
                                         0x8c (size before relaxing)
 .eh_frame      0x000000000011e5e0      0x1f4 binaries/releaseall.o
                                        0x220 (size before relaxing)
 .eh_frame      0x000000000011e7d4       0x78 binaries/resched.o
                                         0xb8 (size before relaxing)
 .eh_frame      0x000000000011e84c       0x5c binaries/resume.o
                                         0x88 (size before relaxing)
 .eh_frame      0x000000000011e8a8       0x44 binaries/seek.o
                                         0x70 (size before relaxing)
 .eh_frame      0x000000000011e8ec       0x40 binaries/semcount.o
                                         0x6c (size before relaxing)
 .eh_frame      0x000000000011e92c       0x54 binaries/semcreate.o
                                         0x80 (size before relaxing)
 .eh_frame      0x000000000011e980       0x6c binaries/semdelete.o
                                         0x98 (size before relaxing)
 .eh_frame      0x000000000011e9ec       0x6c binaries/semreset.o
                                         0x98 (size before relaxing)
 .eh_frame      0x000000000011ea58       0x60 binaries/send.o
                                         0x8c (size before relaxing)
 .eh_frame      0x000000000011eab8       0x54 binaries/signal.o
                                         0x80 (size before relaxing)
 .eh_frame      0x000000000011eb0c       0x70 binaries/signaln.o
                                         0x9c (size before relaxing)
 .eh_frame      0x000000000011eb7c       0x80 binaries/sleep.o
                                         0xac (size before relaxing)
 .eh_frame      0x000000000011ebfc       0x54 binaries/suspend.o
                                         0x80 (size before relaxing)
 .eh_frame      0x000000000011ec50       0x4c binaries/unsleep.o
                                         0x78 (size before relaxing)
 .eh_frame      0x000000000011ec9c       0x28 binaries/userret.o
                                         0x54 (size before relaxing)
 .eh_frame      0x000000000011ecc4       0x58 binaries/wait.o
                                         0x84 (size before relaxing)
 .eh_frame      0x000000000011ed1c       0x48 binaries/wakeup.o
                                         0x74 (size before relaxing)
 .eh_frame      0x000000000011ed64       0x48 binaries/write.o
                                         0x74 (size before relaxing)
 .eh_frame      0x000000000011edac       0x24 binaries/xdone.o
                                         0x50 (size before relaxing)
 .eh_frame      0x000000000011edd0       0x30 binaries/yield.o
                                         0x5c (size before relaxing)
 .eh_frame      0x000000000011ee00       0x14 binaries/abs.o
                                         0x2c (size before relaxing)
 .eh_frame      0x000000000011ee14       0x28 binaries/atoi.o
                                         0x40 (size before relaxing)
 .eh_frame      0x000000000011ee3c       0x28 binaries/atol.o
                                         0x40 (size before relaxing)
 .eh_frame      0x000000000011ee64       0x14 binaries/bzero.o
                                         0x2c (size before relaxing)
 .eh_frame      0x000000000011ee78      0x174 binaries/doprnt.o
                                        0x1a0 (size before relaxing)
 .eh_frame      0x000000000011efec      0x108 binaries/doscan.o
                                        0x134 (size before relaxing)
 .eh_frame      0x000000000011f0f4      0x114 binaries/fdoprnt.o
                                        0x140 (size before relaxing)
 .eh_frame      0x000000000011f208       0x2c binaries/fgetc.o
                                         0x58 (size before relaxing)
 .eh_frame      0x000000000011f234       0x48 binaries/fgets.o
                                         0x74 (size before relaxing)
 .eh_frame      0x000000000011f27c       0x2c binaries/fprintf.o
                                         0x58 (size before relaxing)
 .eh_frame      0x000000000011f2a8       0x2c binaries/fputc.o
                                         0x58 (size before relaxing)
 .eh_frame      0x000000000011f2d4       0x3c binaries/fputs.o
                                         0x68 (size before relaxing)
 .eh_frame      0x000000000011f310       0x7c binaries/fscanf.o
                                         0xa8 (size before relaxing)
 .eh_frame      0x000000000011f38c       0x24 binaries/getchar.o
                                         0x50 (size before relaxing)
 .eh_frame      0x000000000011f3b0       0x14 binaries/labs.o
                                         0x2c (size before relaxing)
 .eh_frame      0x000000000011f3c4       0x14 binaries/memchr.o
                                         0x2c (size before relaxing)
 .eh_frame      0x000000000011f3d8       0x28 binaries/memcmp.o
                                         0x40 (size before relaxing)
 .eh_frame      0x000000000011f400       0x24 binaries/memcpy.o
                                         0x3c (size before relaxing)
 .eh_frame      0x000000000011f424       0x1c binaries/memset.o
                                         0x34 (size before relaxing)
 .eh_frame      0x000000000011f440       0x2c binaries/printf.o
                                         0x58 (size before relaxing)
 .eh_frame      0x000000000011f46c       0x28 binaries/putchar.o
                                         0x54 (size before relaxing)
 .eh_frame      0x000000000011f494       0xc8 binaries/qsort.o
                                        0x11c (size before relaxing)
 .eh_frame      0x000000000011f55c       0x28 binaries/rand.o
                                         0x68 (size before relaxing)
 .eh_frame      0x000000000011f584       0x54 binaries/sprintf.o
                                         0x80 (size before relaxing)
 .eh_frame      0x000000000011f5d8       0x5c binaries/sscanf.o
                                         0x88 (size before relaxing)
 .eh_frame      0x000000000011f634       0x20 binaries/strchr.o
                                         0x38 (size before relaxing)
 .eh_frame      0x000000000011f654       0x20 binaries/strcmp.o
                                         0x38 (size before relaxing)
 .eh_frame      0x000000000011f674       0x14 binaries/strcpy.o
                                         0x2c (size before relaxing)
 .eh_frame      0x000000000011f688       0x14 binaries/strlen.o
                                         0x2c (size before relaxing)
 .eh_frame      0x000000000011f69c       0x2c binaries/strncat.o
                                         0x44 (size before relaxing)
 .eh_frame      0x000000000011f6c8       0x1c binaries/strncmp.o
                                         0x34 (size before relaxing)
 .eh_frame      0x000000000011f6e4       0x30 binaries/strncpy.o
                                         0x48 (size before relaxing)
 .eh_frame      0x000000000011f714       0x14 binaries/strnlen.o
                                         0x2c (size before relaxing)
 .eh_frame      0x000000000011f728       0x20 binaries/strrchr.o
                                         0x38 (size before relaxing)
 .eh_frame      0x000000000011f748       0x3c binaries/strstr.o
                                         0x54 (size before relaxing)
 .eh_frame      0x000000000011f784       0x58 binaries/ttycontrol.o
                                         0x84 (size before relaxing)
 .eh_frame      0x000000000011f7dc       0x44 binaries/ttygetc.o
                                         0x70 (size before relaxing)
 .eh_frame      0x000000000011f820       0xe0 binaries/ttyhandle_in.o
                                        0x10c (size before relaxing)
 .eh_frame      0x000000000011f900       0x68 binaries/ttyhandle_out.o
                                         0x94 (size before relaxing)
 .eh_frame      0x000000000011f968       0x5c binaries/ttyhandler.o
                                         0x88 (size before relaxing)
 .eh_frame      0x000000000011f9c4       0x4c binaries/ttyinit.o
                                         0x78 (size before relaxing)
 .eh_frame      0x000000000011fa10       0x14 binaries/ttykickout.o
                                         0x2c (size before relaxing)
 .eh_frame      0x000000000011fa24       0x64 binaries/ttyputc.o
                                         0x90 (size before relaxing)
 .eh_frame      0x000000000011fa88       0x64 binaries/ttyread.o
                                         0x90 (size before relaxing)
 .eh_frame      0x000000000011faec       0x4c binaries/ttywrite.o
                                         0x78 (size before relaxing)
 .eh_frame      0x000000000011fb38       0x7c binaries/mount.o
                                         0xa8 (size before relaxing)
 .eh_frame      0x000000000011fbb4       0xe4 binaries/naminit.o
                                        0x110 (size before relaxing)
 .eh_frame      0x000000000011fc98       0xf0 binaries/nammap.o
                                        0x130 (size before relaxing)
 .eh_frame      0x000000000011fd88       0x48 binaries/namopen.o
                                         0x74 (size before relaxing)
 .eh_frame      0x000000000011fdd0       0x3c binaries/colon2mac.o
                                         0x68 (size before relaxing)
 .eh_frame      0x000000000011fe0c       0x4c binaries/ethcontrol.o
                                         0x78 (size before relaxing)
 .eh_frame      0x000000000011fe58       0x58 binaries/ethhandler.o
                                         0x84 (size before relaxing)
 .eh_frame      0x000000000011feb0      0x154 binaries/ethinit.o
                                        0x180 (size before relaxing)
 .eh_frame      0x0000000000120004       0xa8 binaries/ethmcast.o
                                         0xd4 (size before relaxing)
 .eh_frame      0x00000000001200ac       0x80 binaries/ethread.o
                                         0xac (size before relaxing)
 .eh_frame      0x000000000012012c       0x48 binaries/ethwrite.o
                                         0x74 (size before relaxing)
 .eh_frame      0x0000000000120174       0x3c binaries/rdsbufalloc.o
                                         0x68 (size before relaxing)
 .eh_frame      0x00000000001201b0       0x3c binaries/rdsclose.o
                                         0x68 (size before relaxing)
 .eh_frame      0x00000000001201ec       0x90 binaries/rdscomm.o
                                         0xbc (size before relaxing)
 .eh_frame      0x000000000012027c       0xb4 binaries/rdscontrol.o
                                         0xe0 (size before relaxing)
 .eh_frame      0x0000000000120330       0x9c binaries/rdsinit.o
                                         0xc8 (size before relaxing)
 .eh_frame      0x00000000001203cc       0x80 binaries/rdsopen.o
                                         0xac (size before relaxing)
 .eh_frame      0x000000000012044c       0xf8 binaries/rdsprocess.o
                                        0x124 (size before relaxing)
 .eh_frame      0x0000000000120544       0x7c binaries/rdsread.o
                                         0xa8 (size before relaxing)
 .eh_frame      0x00000000001205c0       0x80 binaries/rdswrite.o
                                         0xac (size before relaxing)
 .eh_frame      0x0000000000120640       0x14 binaries/ramclose.o
                                         0x2c (size before relaxing)
 .eh_frame      0x0000000000120654       0x40 binaries/raminit.o
                                         0x6c (size before relaxing)
 .eh_frame      0x0000000000120694       0x14 binaries/ramopen.o
                                         0x2c (size before relaxing)
 .eh_frame      0x00000000001206a8       0x2c binaries/ramread.o
                                         0x58 (size before relaxing)
 .eh_frame      0x00000000001206d4       0x2c binaries/ramwrite.o
                                         0x58 (size before relaxing)
 .eh_frame      0x0000000000120700       0x80 binaries/lfdballoc.o
                                         0xac (size before relaxing)
 .eh_frame      0x0000000000120780       0x50 binaries/lfdbfree.o
                                         0x7c (size before relaxing)
 .eh_frame      0x00000000001207d0       0x5c binaries/lfflush.o
                                         0x88 (size before relaxing)
 .eh_frame      0x000000000012082c       0x14 binaries/lfgetmode.o
                                         0x2c (size before relaxing)
 .eh_frame      0x0000000000120840       0x5c binaries/lfiballoc.o
                                         0x88 (size before relaxing)
 .eh_frame      0x000000000012089c       0x14 binaries/lfibclear.o
                                         0x2c (size before relaxing)
 .eh_frame      0x00000000001208b0       0x4c binaries/lfibget.o
                                         0x78 (size before relaxing)
 .eh_frame      0x00000000001208fc       0x68 binaries/lfibput.o
                                         0x94 (size before relaxing)
 .eh_frame      0x0000000000120964       0x54 binaries/lflclose.o
                                         0x80 (size before relaxing)
 .eh_frame      0x00000000001209b8       0x74 binaries/lflcontrol.o
                                         0xa0 (size before relaxing)
 .eh_frame      0x0000000000120a2c       0x6c binaries/lflgetc.o
                                         0x98 (size before relaxing)
 .eh_frame      0x0000000000120a98       0x5c binaries/lflinit.o
                                         0x88 (size before relaxing)
 .eh_frame      0x0000000000120af4       0x6c binaries/lflputc.o
                                         0x98 (size before relaxing)
 .eh_frame      0x0000000000120b60       0x48 binaries/lflread.o
                                         0x74 (size before relaxing)
 .eh_frame      0x0000000000120ba8       0x60 binaries/lflseek.o
                                         0x8c (size before relaxing)
 .eh_frame      0x0000000000120c08       0x48 binaries/lflwrite.o
                                         0x74 (size before relaxing)
 .eh_frame      0x0000000000120c50       0xd4 binaries/lfsckfmt.o
                                        0x100 (size before relaxing)
 .eh_frame      0x0000000000120d24       0xd4 binaries/lfscreate.o
                                        0x100 (size before relaxing)
 .eh_frame      0x0000000000120df8       0xbc binaries/lfsetup.o
                                         0xe8 (size before relaxing)
 .eh_frame      0x0000000000120eb4       0x38 binaries/lfsinit.o
                                         0x64 (size before relaxing)
 .eh_frame      0x0000000000120eec       0x90 binaries/lfsopen.o
                                         0xbc (size before relaxing)
 .eh_frame      0x0000000000120f7c       0x84 binaries/lftruncate.o
                                         0xb0 (size before relaxing)
 .eh_frame      0x0000000000121000       0x3c binaries/rflclose.o
                                         0x68 (size before relaxing)
 .eh_frame      0x000000000012103c       0x30 binaries/rflgetc.o
                                         0x5c (size before relaxing)
 .eh_frame      0x000000000012106c       0x30 binaries/rflinit.o
                                         0x5c (size before relaxing)
 .eh_frame      0x000000000012109c       0x30 binaries/rflputc.o
                                         0x5c (size before relaxing)
 .eh_frame      0x00000000001210cc       0xdc binaries/rflread.o
                                        0x108 (size before relaxing)
 .eh_frame      0x00000000001211a8       0x3c binaries/rflseek.o
                                         0x68 (size before relaxing)
 .eh_frame      0x00000000001211e4       0xd0 binaries/rflwrite.o
                                         0xfc (size before relaxing)
 .eh_frame      0x00000000001212b4       0x88 binaries/rfscomm.o
                                         0xb4 (size before relaxing)
 .eh_frame      0x000000000012133c      0x11c binaries/rfscontrol.o
                                        0x148 (size before relaxing)
 .eh_frame      0x0000000000121458       0x14 binaries/rfsgetmode.o
                                         0x2c (size before relaxing)
 .eh_frame      0x000000000012146c       0x50 binaries/rfsinit.o
                                         0x7c (size before relaxing)
 .eh_frame      0x00000000001214bc       0x50 binaries/rfsndmsg.o
                                         0x7c (size before relaxing)
 .eh_frame      0x000000000012150c       0xdc binaries/rfsopen.o
                                        0x108 (size before relaxing)
 .eh_frame      0x00000000001215e8      0x27c binaries/arp.o
                                        0x2bc (size before relaxing)
 .eh_frame      0x0000000000121864      0x284 binaries/dhcp.o
                                        0x2b0 (size before relaxing)
 .eh_frame      0x0000000000121ae8       0x40 binaries/dot2ip.o
                                         0x58 (size before relaxing)
 .eh_frame      0x0000000000121b28      0x1bc binaries/hexdump.o
                                        0x1e8 (size before relaxing)
 .eh_frame      0x0000000000121ce4      0x310 binaries/icmp.o
                                        0x350 (size before relaxing)
 .eh_frame      0x0000000000121ff4      0x2e8 binaries/ip.o
                                        0x314 (size before relaxing)
 .eh_frame      0x00000000001222dc      0x138 binaries/net.o
                                        0x164 (size before relaxing)
 .eh_frame      0x0000000000122414       0x74 binaries/netstart.o
                                         0xa0 (size before relaxing)
 .eh_frame      0x0000000000122488      0x394 binaries/pdump.o
                                        0x3c0 (size before relaxing)
 .eh_frame      0x000000000012281c      0x260 binaries/tftp.o
                                        0x28c (size before relaxing)
 .eh_frame      0x0000000000122a7c      0x36c binaries/udp.o
                                        0x3ac (size before relaxing)
 .eh_frame      0x0000000000122de8       0x68 binaries/addargs.o
                                         0x94 (size before relaxing)
 .eh_frame      0x0000000000122e50       0x40 binaries/lexan.o
                                         0x58 (size before relaxing)
 .eh_frame      0x0000000000122e90      0x24c binaries/shell.o
                                        0x278 (size before relaxing)
 .eh_frame      0x00000000001230dc       0x5c binaries/xsh_argecho.o
                                         0x88 (size before relaxing)
 .eh_frame      0x0000000000123138       0xe0 binaries/xsh_arp.o
                                        0x10c (size before relaxing)
 .eh_frame      0x0000000000123218       0xb0 binaries/xsh_cat.o
                                         0xdc (size before relaxing)
 .eh_frame      0x00000000001232c8       0x3c binaries/xsh_clear.o
                                         0x68 (size before relaxing)
 .eh_frame      0x0000000000123304      0x108 binaries/xsh_date.o
                                        0x134 (size before relaxing)
 .eh_frame      0x000000000012340c       0x64 binaries/xsh_devdump.o
                                         0x90 (size before relaxing)
 .eh_frame      0x0000000000123470       0x5c binaries/xsh_echo.o
                                         0x88 (size before relaxing)
 .eh_frame      0x00000000001234cc       0x14 binaries/xsh_exit.o
                                         0x2c (size before relaxing)
 .eh_frame      0x00000000001234e0       0xd4 binaries/xsh_help.o
                                        0x100 (size before relaxing)
 .eh_frame      0x00000000001235b4      0x194 binaries/xsh_ipaddr.o
                                        0x1c0 (size before relaxing)
 .eh_frame      0x0000000000123748       0xac binaries/xsh_kill.o
                                         0xd8 (size before relaxing)
 .eh_frame      0x00000000001237f4      0x130 binaries/xsh_memdump.o
                                        0x15c (size before relaxing)
 .eh_frame      0x0000000000123924       0xbc binaries/xsh_memstat.o
                                         0xe8 (size before relaxing)
 .eh_frame      0x00000000001239e0      0x10c binaries/xsh_ping.o
                                        0x138 (size before relaxing)
 .eh_frame      0x0000000000123aec       0xd8 binaries/xsh_ps.o
                                        0x104 (size before relaxing)
 .eh_frame      0x0000000000123bc4       0xac binaries/xsh_sleep.o
                                         0xd8 (size before relaxing)
 .eh_frame      0x0000000000123c70       0xe8 binaries/xsh_udpdump.o
                                        0x114 (size before relaxing)
 .eh_frame      0x0000000000123d58      0x1b0 binaries/xsh_udpecho.o
                                        0x1dc (size before relaxing)
 .eh_frame      0x0000000000123f08      0x128 binaries/xsh_udpeserver.o
                                        0x154 (size before relaxing)
 .eh_frame      0x0000000000124030       0xb8 binaries/xsh_uptime.o
                                         0xe4 (size before relaxing)

.iplt           0x00000000001240e8        0x0
 .iplt          0x00000000001240e8        0x0 binaries/start.o

.rel.dyn        0x00000000001240e8        0x0
 .rel.got       0x00000000001240e8        0x0 binaries/start.o
 .rel.iplt      0x00000000001240e8        0x0 binaries/start.o
 .rel.text      0x00000000001240e8        0x0 binaries/start.o

.data           0x0000000000124100      0xf00
                0x0000000000124100                data = ABSOLUTE (.)
 *(.data .data.*)
 .data          0x0000000000124100      0x85a binaries/start.o
                0x0000000000124100                gdt
                0x0000000000124150                idt
                0x0000000000124956                cpudelay
 .data          0x000000000012495a        0x0 binaries/ascdate.o
 *fill*         0x000000000012495a        0x6 
 .data.rel.local
                0x0000000000124960       0x88 binaries/ascdate.o
                0x0000000000124960                Date
 .data          0x00000000001249e8        0x0 binaries/bufinit.o
 .data          0x00000000001249e8        0x0 binaries/chprio.o
 .data          0x00000000001249e8        0x4 binaries/clkhandler.o
 .data          0x00000000001249ec        0x0 binaries/clkinit.o
 .data          0x00000000001249ec        0x0 binaries/close.o
 .data          0x00000000001249ec        0x0 binaries/conf.o
 *fill*         0x00000000001249ec       0x14 
 .data.rel      0x0000000000124a00      0x30c binaries/conf.o
                0x0000000000124a00                devtab
 .data          0x0000000000124d0c        0x0 binaries/control.o
 .data          0x0000000000124d0c        0x4 binaries/create.o
 .data          0x0000000000124d10        0x0 binaries/early_imr.o
 .data          0x0000000000124d10        0x0 binaries/evec.o
 *fill*         0x0000000000124d10       0x10 
 .data.rel.local
                0x0000000000124d20       0x40 binaries/evec.o
                0x0000000000124d20                inames
 .data          0x0000000000124d60        0x0 binaries/freebuf.o
 .data          0x0000000000124d60        0x0 binaries/freemem.o
 .data          0x0000000000124d60        0x0 binaries/getbuf.o
 .data          0x0000000000124d60        0x0 binaries/getc.o
 .data          0x0000000000124d60        0x0 binaries/getdev.o
 .data          0x0000000000124d60        0x0 binaries/getitem.o
 .data          0x0000000000124d60        0x0 binaries/getmem.o
 .data          0x0000000000124d60        0x0 binaries/getpid.o
 .data          0x0000000000124d60        0x0 binaries/getprio.o
 .data          0x0000000000124d60        0x0 binaries/getstk.o
 .data          0x0000000000124d60        0x0 binaries/gettime.o
 .data          0x0000000000124d60        0x0 binaries/getutime.o
 .data          0x0000000000124d60        0x0 binaries/init.o
 .data          0x0000000000124d60        0x0 binaries/initialize.o
 .data          0x0000000000124d60        0x0 binaries/insert.o
 .data          0x0000000000124d60        0x0 binaries/insertd.o
 .data          0x0000000000124d60        0x0 binaries/ioerr.o
 .data          0x0000000000124d60        0x0 binaries/ionull.o
 .data          0x0000000000124d60        0x0 binaries/kill.o
 .data          0x0000000000124d60        0x0 binaries/kprintf.o
 .data          0x0000000000124d60        0x0 binaries/lcreate.o
 .data          0x0000000000124d60        0x0 binaries/ldelete.o
 .data          0x0000000000124d60        0x0 binaries/linit.o
 .data          0x0000000000124d60        0x0 binaries/lockall.o
 .data          0x0000000000124d60        0x0 binaries/lock.o
 .data          0x0000000000124d60        0x0 binaries/lqueue.o
 .data          0x0000000000124d60        0x0 binaries/main.o
 .data          0x0000000000124d60        0x0 binaries/mark.o
 .data          0x0000000000124d60       0x48 binaries/meminit.o
                0x0000000000124d60                gdt_copy
                0x0000000000124da0                bootinfo
                0x0000000000124da4                bootsign
 .data          0x0000000000124da8        0x0 binaries/mkbufpool.o
 .data          0x0000000000124da8        0x2 binaries/newqueue.o
 .data          0x0000000000124daa        0x0 binaries/open.o
 .data          0x0000000000124daa        0x0 binaries/panic.o
 .data          0x0000000000124daa        0x0 binaries/pci.o
 .data          0x0000000000124daa        0x0 binaries/platinit.o
 .data          0x0000000000124daa        0x0 binaries/ptclear.o
 .data          0x0000000000124daa        0x0 binaries/ptcount.o
 .data          0x0000000000124daa        0x0 binaries/ptcreate.o
 .data          0x0000000000124daa        0x0 binaries/ptdelete.o
 .data          0x0000000000124daa        0x0 binaries/ptinit.o
 .data          0x0000000000124daa        0x0 binaries/ptrecv.o
 .data          0x0000000000124daa        0x0 binaries/ptreset.o
 .data          0x0000000000124daa        0x0 binaries/ptsend.o
 .data          0x0000000000124daa        0x0 binaries/putc.o
 .data          0x0000000000124daa        0x0 binaries/quark_irq.o
 .data          0x0000000000124daa        0x0 binaries/quark_pdat.o
 .data          0x0000000000124daa        0x0 binaries/queue.o
 .data          0x0000000000124daa        0x0 binaries/read.o
 .data          0x0000000000124daa        0x0 binaries/ready.o
 .data          0x0000000000124daa        0x0 binaries/receive.o
 .data          0x0000000000124daa        0x0 binaries/recvclr.o
 .data          0x0000000000124daa        0x0 binaries/recvtime.o
 .data          0x0000000000124daa        0x0 binaries/releaseall.o
 .data          0x0000000000124daa        0x0 binaries/resched.o
 .data          0x0000000000124daa        0x0 binaries/resume.o
 .data          0x0000000000124daa        0x0 binaries/seek.o
 .data          0x0000000000124daa        0x0 binaries/semcount.o
 .data          0x0000000000124daa        0x0 binaries/semcreate.o
 .data          0x0000000000124daa        0x0 binaries/semdelete.o
 .data          0x0000000000124daa        0x0 binaries/semreset.o
 .data          0x0000000000124daa        0x0 binaries/send.o
 .data          0x0000000000124daa        0x0 binaries/signal.o
 .data          0x0000000000124daa        0x0 binaries/signaln.o
 .data          0x0000000000124daa        0x0 binaries/sleep.o
 .data          0x0000000000124daa        0x0 binaries/suspend.o
 .data          0x0000000000124daa        0x0 binaries/unsleep.o
 .data          0x0000000000124daa        0x0 binaries/userret.o
 .data          0x0000000000124daa        0x0 binaries/wait.o
 .data          0x0000000000124daa        0x0 binaries/wakeup.o
 .data          0x0000000000124daa        0x0 binaries/write.o
 .data          0x0000000000124daa        0x0 binaries/xdone.o
 .data          0x0000000000124daa        0x0 binaries/yield.o
 .data          0x0000000000124daa        0x0 binaries/abs.o
 .data          0x0000000000124daa        0x0 binaries/atoi.o
 .data          0x0000000000124daa        0x0 binaries/atol.o
 .data          0x0000000000124daa        0x0 binaries/bzero.o
 .data          0x0000000000124daa        0x0 binaries/ctype_.o
 .data          0x0000000000124daa        0x0 binaries/doprnt.o
 *fill*         0x0000000000124daa       0x16 
 .data          0x0000000000124dc0       0x80 binaries/doscan.o
                0x0000000000124dc0                _sctab
 .data          0x0000000000124e40        0x0 binaries/fdoprnt.o
 .data          0x0000000000124e40        0x0 binaries/fgetc.o
 .data          0x0000000000124e40        0x0 binaries/fgets.o
 .data          0x0000000000124e40        0x0 binaries/fprintf.o
 .data          0x0000000000124e40        0x0 binaries/fputc.o
 .data          0x0000000000124e40        0x0 binaries/fputs.o
 .data          0x0000000000124e40        0x0 binaries/fscanf.o
 .data          0x0000000000124e40        0x0 binaries/getchar.o
 .data          0x0000000000124e40        0x0 binaries/labs.o
 .data          0x0000000000124e40        0x0 binaries/memchr.o
 .data          0x0000000000124e40        0x0 binaries/memcmp.o
 .data          0x0000000000124e40        0x0 binaries/memcpy.o
 .data          0x0000000000124e40        0x0 binaries/memset.o
 .data          0x0000000000124e40        0x0 binaries/printf.o
 .data          0x0000000000124e40        0x0 binaries/putchar.o
 .data          0x0000000000124e40        0x0 binaries/qsort.o
 .data          0x0000000000124e40        0x4 binaries/rand.o
 .data          0x0000000000124e44        0x0 binaries/sprintf.o
 .data          0x0000000000124e44        0x0 binaries/sscanf.o
 .data          0x0000000000124e44        0x0 binaries/strchr.o
 .data          0x0000000000124e44        0x0 binaries/strcmp.o
 .data          0x0000000000124e44        0x0 binaries/strcpy.o
 .data          0x0000000000124e44        0x0 binaries/strlen.o
 .data          0x0000000000124e44        0x0 binaries/strncat.o
 .data          0x0000000000124e44        0x0 binaries/strncmp.o
 .data          0x0000000000124e44        0x0 binaries/strncpy.o
 .data          0x0000000000124e44        0x0 binaries/strnlen.o
 .data          0x0000000000124e44        0x0 binaries/strrchr.o
 .data          0x0000000000124e44        0x0 binaries/strstr.o
 .data          0x0000000000124e44        0x0 binaries/ttycontrol.o
 .data          0x0000000000124e44        0x0 binaries/ttygetc.o
 .data          0x0000000000124e44        0x0 binaries/ttyhandle_in.o
 .data          0x0000000000124e44        0x0 binaries/ttyhandle_out.o
 .data          0x0000000000124e44        0x0 binaries/ttyhandler.o
 .data          0x0000000000124e44        0x0 binaries/ttyinit.o
 .data          0x0000000000124e44        0x0 binaries/ttykickout.o
 .data          0x0000000000124e44        0x0 binaries/ttyputc.o
 .data          0x0000000000124e44        0x0 binaries/ttyread.o
 .data          0x0000000000124e44        0x0 binaries/ttywrite.o
 .data          0x0000000000124e44        0x0 binaries/mount.o
 .data          0x0000000000124e44        0x0 binaries/naminit.o
 .data          0x0000000000124e44        0x0 binaries/nammap.o
 .data          0x0000000000124e44        0x0 binaries/namopen.o
 .data          0x0000000000124e44        0x0 binaries/colon2mac.o
 .data          0x0000000000124e44        0x0 binaries/ethcontrol.o