
Allocating common symbols
Common symbol       size              file

netbufpool          0x4               binaries/net.o
readylist           0x2               binaries/ready.o
rfltab              0x5a0             binaries/rflinit.o
sleepq              0x2               binaries/clkinit.o
nnames              0x4               binaries/naminit.o
udptab              0x168             binaries/udp.o
minheap             0x4               binaries/meminit.o
marks               0x50              binaries/mark.o
currpid             0x4               binaries/initialize.o
Lf_data             0x20c             binaries/lfsinit.o
porttab             0x2d0             binaries/ptinit.o
girmask             0x2               binaries/evec.o
ttytab              0x10c             binaries/ttyinit.o
proctab             0x2d50            binaries/initialize.o
prcount             0x4               binaries/initialize.o
lck                 0x4               binaries/main.o
lfltab              0xf00             binaries/lflinit.o
rdstab              0x8c              binaries/rdsinit.o
ethertab            0x138             binaries/ethinit.o
NetData             0xa8              binaries/net.o
nmarks              0x4               binaries/mark.o
Defer               0x8               binaries/resched.o
semtab              0x4b0             binaries/initialize.o
lcks                0xc8              binaries/main.o
maxheap             0x4               binaries/meminit.o
preempt             0x4               binaries/clkinit.o
buftab              0xf0              binaries/bufinit.o
Rf_data             0x18              binaries/rfsinit.o
mkmutex             0x4               binaries/mark.o
clktime             0x4               binaries/clkinit.o
arpcache            0x140             binaries/arp.o
icmptab             0x230             binaries/icmp.o
nbpools             0x4               binaries/bufinit.o
queuetab            0xca0             binaries/queue.o
locktab             0x1f4             binaries/linit.o
ptnextid            0x4               binaries/ptinit.o
Ram                 0x19000           binaries/raminit.o
ipoqueue            0x2c              binaries/ip.o
memlist             0x8               binaries/initialize.o
nametab             0x19a0            binaries/naminit.o
ptfree              0x4               binaries/ptinit.o

Discarded input sections

 .group         0x0000000000000000        0x8 binaries/ascdate.o
 .group         0x0000000000000000        0x8 binaries/bufinit.o
 .group         0x0000000000000000        0x8 binaries/chprio.o
 .text.__x86.get_pc_thunk.bx
                0x0000000000000000        0x4 binaries/chprio.o
 .group         0x0000000000000000        0x8 binaries/clkhandler.o
 .text.__x86.get_pc_thunk.bx
                0x0000000000000000        0x4 binaries/clkhandler.o
 .group         0x0000000000000000        0x8 binaries/clkinit.o
 .text.__x86.get_pc_thunk.bx
                0x0000000000000000        0x4 binaries/clkinit.o
 .group         0x0000000000000000        0x8 binaries/close.o
 .text.__x86.get_pc_thunk.bx
                0x0000000000000000        0x4 binaries/close.o
 .group         0x0000000000000000        0x8 binaries/control.o
 .text.__x86.get_pc_thunk.bx
                0x0000000000000000        0x4 binaries/control.o
 .group         0x0000000000000000        0x8 binaries/create.o
 .text.__x86.get_pc_thunk.bx
                0x0000000000000000        0x4 binaries/create.o
 .group         0x0000000000000000        0x8 binaries/early_imr.o
 .text.__x86.get_pc_thunk.bx
                0x0000000000000000        0x4 binaries/early_imr.o
 .group         0x0000000000000000        0x8 binaries/evec.o
 .text.__x86.get_pc_thunk.bx
                0x0000000000000000        0x4 binaries/evec.o
 .group         0x0000000000000000        0x8 binaries/freebuf.o
 .text.__x86.get_pc_thunk.bx
                0x0000000000000000        0x4 binaries/freebuf.o
 .group         0x0000000000000000        0x8 binaries/freemem.o
 .text.__x86.get_pc_thunk.bx
                0x0000000000000000        0x4 binaries/freemem.o
 .group         0x0000000000000000        0x8 binaries/getbuf.o
 .text.__x86.get_pc_thunk.bx
                0x0000000000000000        0x4 binaries/getbuf.o
 .group         0x0000000000000000        0x8 binaries/getc.o
 .text.__x86.get_pc_thunk.bx
                0x0000000000000000        0x4 binaries/getc.o
 .group         0x0000000000000000        0x8 binaries/getdev.o
 .text.__x86.get_pc_thunk.bx
                0x0000000000000000        0x4 binaries/getdev.o
 .group         0x0000000000000000        0x8 binaries/getitem.o
 .group         0x0000000000000000        0x8 binaries/getitem.o
 .text.__x86.get_pc_thunk.ax
                0x0000000000000000        0x4 binaries/getitem.o
 .group         0x0000000000000000        0x8 binaries/getmem.o
 .text.__x86.get_pc_thunk.bx
                0x0000000000000000        0x4 binaries/getmem.o
[...]
Memory Configuration

Name             Origin             Length             Attributes
*default*        0x0000000000000000 0xffffffffffffffff

Linker script and memory map

                0x0000000000100000                physbase = 0x100000
                0x0000000000100000                . = physbase
                0x0000000000100000                . = ALIGN (0x1000)

.text           0x0000000000100000    0x1a000
                0x0000000000100000                text = ABSOLUTE (.)
 *(.text .text.*)
 .text          0x0000000000100000      0x1a8 binaries/start.o
                0x0000000000100024                start
                0x00000000001000f6                inb
                0x00000000001000fe                inw
                0x0000000000100107                inl
                0x000000000010010f                outb
                0x0000000000100119                outw
                0x0000000000100124                outl
                0x000000000010012e                _rtcin
                0x0000000000100139                ___udivsi3
                0x0000000000100144                ___divsi3
                0x0000000000100150                sbzero
                0x0000000000100160                bcopy
                0x0000000000100174                insw
                0x000000000010018a                outsw
                0x00000000001001a0                lidt
 .text          0x00000000001001a8      0x2e5 binaries/ascdate.o
                0x00000000001001a8                ascdate
 .text.__x86.get_pc_thunk.bx
                0x000000000010048d        0x4 binaries/ascdate.o
                0x000000000010048d                __x86.get_pc_thunk.bx
 .text          0x0000000000100491       0x1c binaries/bufinit.o
                0x0000000000100491                bufinit
 .text.__x86.get_pc_thunk.ax
                0x00000000001004ad        0x4 binaries/bufinit.o
                0x00000000001004ad                __x86.get_pc_thunk.ax
 .text          0x00000000001004b1      0x17d binaries/chprio.o
                0x00000000001004b1                prinh_chprio
                0x000000000010057f                chprio
 .text          0x000000000010062e       0x92 binaries/clkhandler.o
                0x000000000010062e                clkhandler
 .text          0x00000000001006c0       0x6e binaries/clkinit.o
                0x00000000001006c0                clkinit
 .text          0x000000000010072e       0x5c binaries/close.o
                0x000000000010072e                close
 .text          0x000000000010078a        0x0 binaries/conf.o
 .text          0x000000000010078a       0x65 binaries/control.o
                0x000000000010078a                control
 .text          0x00000000001007ef      0x25d binaries/create.o
                0x00000000001007ef                create
 .text          0x0000000000100a4c      0x23b binaries/early_imr.o
                0x0000000000100a4c                intel_cln_early_sb_read_reg
                0x0000000000100ab3                intel_cln_early_sb_write_reg
                0x0000000000100b72                remove_irm_protections
 .text          0x0000000000100c87      0x379 binaries/evec.o
                0x0000000000100c87                setirmask
                0x0000000000100cd8                set_evec
                0x0000000000100d4c                initevec
                0x0000000000100e2d                trap
 .text          0x0000000000101000       0x91 binaries/freebuf.o
                0x0000000000101000                freebuf
 .text          0x0000000000101091      0x123 binaries/freemem.o
                0x0000000000101091                freemem
 .text          0x00000000001011b4       0x75 binaries/getbuf.o
                0x00000000001011b4                getbuf
 .text          0x0000000000101229       0x5c binaries/getc.o
                0x0000000000101229                getc
 .text          0x0000000000101285       0x79 binaries/getdev.o
                0x0000000000101285                getdev
 .text          0x00000000001012fe       0x96 binaries/getitem.o
                0x00000000001012fe                getitem
                0x0000000000101331                getfirst
                0x0000000000101361                getlast
 .text.__x86.get_pc_thunk.dx
                0x0000000000101394        0x4 binaries/getitem.o
                0x0000000000101394                __x86.get_pc_thunk.dx
 .text          0x0000000000101398       0xce binaries/getmem.o
                0x0000000000101398                getmem
 .text          0x0000000000101466       0x13 binaries/getpid.o
                0x0000000000101466                getpid
 .text          0x0000000000101479       0x7a binaries/getprio.o
                0x0000000000101479                getprio
 .text          0x00000000001014f3       0xc0 binaries/getstk.o
                0x00000000001014f3                getstk
 .text          0x00000000001015b3       0x41 binaries/gettime.o
                0x00000000001015b3                gettime
 .text          0x00000000001015f4      0x1e3 binaries/getutime.o
                0x00000000001015f4                getutime
 .text          0x00000000001017d7       0x5c binaries/init.o
                0x00000000001017d7                init
 .text          0x0000000000101833      0x299 binaries/initialize.o
                0x0000000000101833                nulluser
                0x0000000000101a77                stop
                0x0000000000101aa9                delay
 .text          0x0000000000101acc       0x9e binaries/insert.o
                0x0000000000101acc                insert
 .text.__x86.get_pc_thunk.di
                0x0000000000101b6a        0x4 binaries/insert.o
                0x0000000000101b6a                __x86.get_pc_thunk.di
 .text          0x0000000000101b6e       0xfd binaries/insertd.o
                0x0000000000101b6e                insertd
 .text          0x0000000000101c6b        0x6 binaries/ioerr.o
                0x0000000000101c6b                ioerr
 .text          0x0000000000101c71        0x6 binaries/ionull.o
                0x0000000000101c71                ionull
 .text          0x0000000000101c77      0x2f0 binaries/kill.o
                0x0000000000101c77                kill
 .text          0x0000000000101f67       0xe2 binaries/kprintf.o
                0x0000000000101f67                kputc
                0x0000000000101fa5                console_init
                0x0000000000101fe9                kgetc
                0x0000000000102018                kprintf
 .text          0x0000000000102049       0x8d binaries/lcreate.o
                0x0000000000102049                lcreate
 .text          0x00000000001020d6      0x105 binaries/ldelete.o
                0x00000000001020d6                ldelete
 .text          0x00000000001021db       0x41 binaries/linit.o
                0x00000000001021db                linit
 .text          0x000000000010221c      0x4c5 binaries/lock.o
                0x000000000010221c                prinh_block
                0x0000000000102372                lock
                0x00000000001026d0                max
 .text          0x00000000001026e1       0xa0 binaries/lqueue.o
                0x00000000001026e1                lq_empty
                0x0000000000102704                lq_init
                0x000000000010271d                lq_enqueue
                0x0000000000102752                lq_dequeue
 .text          0x0000000000102781     0x25f6 binaries/main.o
                0x0000000000102781                loop
                0x00000000001027da                holder10
                0x0000000000102847                test14_proc
                0x0000000000102a1b                waiter10
                0x0000000000102aa5                waitingWriter
                0x0000000000102b4b                counter
                0x0000000000102bbb                read_count
                0x0000000000102c48                reader1
                0x0000000000102ce2                writer1
                0x0000000000102d8c                lp
                0x0000000000102e57                test13_proc
                0x0000000000103230                proc1
                0x0000000000103316                grabber
                0x00000000001033c6                test10
                0x00000000001034f6                test8
                0x00000000001035fb                test9
                0x0000000000103700                test9point5
                0x00000000001038b4                test7
                0x0000000000103a0b                test0
                0x0000000000103b0c                test1
                0x0000000000103c10                test2
                0x0000000000103d15                test3
                0x0000000000103e0e                test4
                0x0000000000103f75                test5
                0x00000000001040df                test11
                0x000000000010423f                printPri
                0x00000000001042c3                test15
                0x00000000001044d5                test14
                0x00000000001046fe                test13
                0x000000000010495f                test12
                0x0000000000104b44                test6
                0x0000000000104c85                main
 .text          0x0000000000104d77       0xb3 binaries/mark.o
                0x0000000000104d77                markinit
                0x0000000000104da6                mark
 .text          0x0000000000104e2a      0x22c binaries/meminit.o
                0x0000000000104e2a                meminit
                0x0000000000104fd0                setsegs
 .text          0x0000000000105056      0x14a binaries/mkbufpool.o
                0x0000000000105056                mkbufpool
 .text          0x00000000001051a0       0x5e binaries/newqueue.o
                0x00000000001051a0                newqueue
 .text.__x86.get_pc_thunk.cx
                0x00000000001051fe        0x4 binaries/newqueue.o
                0x00000000001051fe                __x86.get_pc_thunk.cx
 .text          0x0000000000105202       0x64 binaries/open.o
                0x0000000000105202                open
 .text          0x0000000000105266       0x2c binaries/panic.o
                0x0000000000105266                panic
 .text          0x0000000000105292      0x280 binaries/pci.o
                0x0000000000105292                pci_init
                0x0000000000105298                find_pci_device
                0x000000000010535a                pci_read_config_byte
                0x0000000000105397                pci_read_config_word
                0x00000000001053d6                pci_read_config_dword
                0x0000000000105413                pci_write_config_byte
                0x000000000010544e                pci_write_config_word
                0x000000000010548a                pci_write_config_dword
                0x00000000001054c5                pci_get_dev_mmio_base_addr
 .text          0x0000000000105512       0x68 binaries/platinit.o
                0x0000000000105512                platinit
 .text          0x000000000010557a       0xab binaries/ptclear.o
                0x000000000010557a                _ptclear
 .text          0x0000000000105625       0x9f binaries/ptcount.o
                0x0000000000105625                ptcount
 .text          0x00000000001056c4       0xf4 binaries/ptcreate.o
                0x00000000001056c4                ptcreate
 .text          0x00000000001057b8       0x70 binaries/ptdelete.o
                0x00000000001057b8                ptdelete
 .text          0x0000000000105828       0xa0 binaries/ptinit.o
                0x0000000000105828                ptinit
 .text          0x00000000001058c8      0x123 binaries/ptrecv.o
                0x00000000001058c8                ptrecv
 .text          0x00000000001059eb       0x68 binaries/ptreset.o
                0x00000000001059eb                ptreset
 .text          0x0000000000105a53      0x15c binaries/ptsend.o
                0x0000000000105a53                ptsend
 .text          0x0000000000105baf       0x6e binaries/putc.o
                0x0000000000105baf                putc
 .text          0x0000000000105c1d       0xc3 binaries/quark_irq.o
                0x0000000000105c1d                quark_irq_routing
 .text          0x0000000000105ce0      0x1bb binaries/quark_pdat.o
                0x0000000000105ce0                get_quark_pdat_entry_data_by_id
                0x0000000000105db9                get_quark_pdat_entry_data_by_desc
 .text          0x0000000000105e9b       0xcc binaries/queue.o
                0x0000000000105e9b                enqueue
                0x0000000000105f0c                dequeue
 .text          0x0000000000105f67       0x64 binaries/read.o
                0x0000000000105f67                read
 .text          0x0000000000105fcb       0x85 binaries/ready.o
                0x0000000000105fcb                ready
 .text          0x0000000000106050       0x8e binaries/receive.o
                0x0000000000106050                receive
 .text          0x00000000001060de       0x6f binaries/recvclr.o
                0x00000000001060de                recvclr
 .text          0x000000000010614d       0xde binaries/recvtime.o
                0x000000000010614d                recvtime
 .text          0x000000000010622b      0x5bd binaries/releaseall.o
                0x000000000010622b                reset_maxprio
                0x00000000001062af                release_lock
                0x00000000001065dd                prinh_release
                0x000000000010665d                releaseall
                0x000000000010670c                printQueue
 .text.__x86.get_pc_thunk.bp
                0x00000000001067e8        0x4 binaries/releaseall.o
                0x00000000001067e8                __x86.get_pc_thunk.bp
 .text          0x00000000001067ec      0x194 binaries/resched.o
                0x00000000001067ec                resched
                0x00000000001068f3                resched_cntl
 .text          0x0000000000106980       0xa1 binaries/resume.o
                0x0000000000106980                resume
 .text          0x0000000000106a21       0x60 binaries/seek.o
                0x0000000000106a21                seek
 .text          0x0000000000106a81       0x65 binaries/semcount.o
                0x0000000000106a81                semcount
 .text          0x0000000000106ae6       0xb5 binaries/semcreate.o
                0x0000000000106ae6                semcreate
 .text          0x0000000000106b9b       0xe0 binaries/semdelete.o
                0x0000000000106b9b                semdelete
 .text          0x0000000000106c7b       0xc0 binaries/semreset.o
                0x0000000000106c7b                semreset
 .text          0x0000000000106d3b       0xe0 binaries/send.o
                0x0000000000106d3b                send
 .text          0x0000000000106e1b       0xa9 binaries/signal.o
                0x0000000000106e1b                signal
 .text          0x0000000000106ec4       0xe9 binaries/signaln.o
                0x0000000000106ec4                signaln
 .text          0x0000000000106fad       0xdd binaries/sleep.o
                0x0000000000106fad                sleepms
                0x0000000000107054                sleep
 .text          0x000000000010708a       0xe6 binaries/suspend.o
                0x000000000010708a                suspend
 .text          0x0000000000107170       0xa5 binaries/unsleep.o
                0x0000000000107170                unsleep
 .text          0x0000000000107215       0x22 binaries/userret.o
                0x0000000000107215                userret
 .text          0x0000000000107237       0xcf binaries/wait.o
                0x0000000000107237                wait
 .text          0x0000000000107306       0x88 binaries/wakeup.o
                0x0000000000107306                wakeup
 .text          0x000000000010738e       0x64 binaries/write.o
                0x000000000010738e                write
 .text          0x00000000001073f2       0x25 binaries/xdone.o
                0x00000000001073f2                xdone
 .text          0x0000000000107417       0x30 binaries/yield.o
                0x0000000000107417                yield
 .text          0x0000000000107447        0xe binaries/abs.o
                0x0000000000107447                abs
 .text          0x0000000000107455       0x60 binaries/atoi.o
                0x0000000000107455                atoi
 .text          0x00000000001074b5       0x60 binaries/atol.o
                0x00000000001074b5                atol
 .text          0x0000000000107515       0x18 binaries/bzero.o
                0x0000000000107515                bzero
 .text          0x000000000010752d        0x0 binaries/ctype_.o
 .text          0x000000000010752d      0x83f binaries/doprnt.o
                0x00000000001076a3                _doprnt
 .text.__x86.get_pc_thunk.si
                0x0000000000107d6c        0x4 binaries/doprnt.o
                0x0000000000107d6c                __x86.get_pc_thunk.si
 .text          0x0000000000107d70      0x776 binaries/doscan.o
                0x0000000000107d70                _doscan
 .text          0x00000000001084e6      0x7a9 binaries/fdoprnt.o
                0x000000000010856c                _fdoprnt
 .text          0x0000000000108c8f       0x2b binaries/fgetc.o
                0x0000000000108c8f                fgetc
 .text          0x0000000000108cba       0x68 binaries/fgets.o
                0x0000000000108cba                fgets
 .text          0x0000000000108d22       0x31 binaries/fprintf.o
                0x0000000000108d22                fprintf
 .text          0x0000000000108d53       0x36 binaries/fputc.o
                0x0000000000108d53                fputc
 .text          0x0000000000108d89       0x45 binaries/fputs.o
                0x0000000000108d89                fputs
 .text          0x0000000000108dce       0x88 binaries/fscanf.o
                0x0000000000108e15                fscanf
 .text          0x0000000000108e56       0x3b binaries/getchar.o
                0x0000000000108e56                getchar
 .text          0x0000000000108e91        0xe binaries/labs.o
                0x0000000000108e91                labs
 .text          0x0000000000108e9f       0x34 binaries/memchr.o
                0x0000000000108e9f                memchr
 .text          0x0000000000108ed3       0x47 binaries/memcmp.o
                0x0000000000108ed3                memcmp
 .text          0x0000000000108f1a       0x25 binaries/memcpy.o
                0x0000000000108f1a                memcpy
 .text          0x0000000000108f3f       0x1e binaries/memset.o
                0x0000000000108f3f                memset
 .text          0x0000000000108f5d       0x4f binaries/printf.o
                0x0000000000108f5d                printf
 .text          0x0000000000108fac       0x3f binaries/putchar.o
                0x0000000000108fac                putchar
 .text          0x0000000000108feb      0x22b binaries/qsort.o
                0x00000000001091de                qsort
 .text          0x0000000000109216       0x3e binaries/rand.o
                0x0000000000109216                srand
                0x000000000010922b                rand
 .text          0x0000000000109254       0x58 binaries/sprintf.o
                0x000000000010926b                sprintf
 .text          0x00000000001092ac       0x68 binaries/sscanf.o
                0x00000000001092d5                sscanf
 .text          0x0000000000109314       0x2f binaries/strchr.o
                0x0000000000109314                strchr
 .text          0x0000000000109343       0x41 binaries/strcmp.o
                0x0000000000109343                strcmp
 .text          0x0000000000109384       0x1a binaries/strcpy.o
                0x0000000000109384                strcpy
 .text          0x000000000010939e       0x1c binaries/strlen.o
                0x000000000010939e                strlen
 .text          0x00000000001093ba       0x3a binaries/strncat.o
                0x00000000001093ba                strncat
 .text          0x00000000001093f4       0x36 binaries/strncmp.o
                0x00000000001093f4                strncmp
 .text          0x000000000010942a       0x57 binaries/strncpy.o
                0x000000000010942a                strncpy
 .text          0x0000000000109481       0x2e binaries/strnlen.o
                0x0000000000109481                strnlen
 .text          0x00000000001094af       0x34 binaries/strrchr.o
                0x00000000001094af                strrchr
 .text          0x00000000001094e3       0x75 binaries/strstr.o
                0x00000000001094e3                strstr
 .text          0x0000000000109558      0x164 binaries/ttycontrol.o
                0x0000000000109558                ttycontrol
 .text          0x00000000001096bc       0xda binaries/ttygetc.o
                0x00000000001096bc                ttygetc
 .text          0x0000000000109796      0x4f5 binaries/ttyhandle_in.o
                0x0000000000109856                ttyhandle_in
 .text          0x0000000000109c8b      0x181 binaries/ttyhandle_out.o
                0x0000000000109c8b                ttyhandle_out
 .text          0x0000000000109e0c       0x93 binaries/ttyhandler.o
                0x0000000000109e0c                ttyhandler
 .text          0x0000000000109e9f      0x17a binaries/ttyinit.o
                0x0000000000109e9f                ttyinit
 .text          0x000000000010a019        0xc binaries/ttykickout.o
                0x000000000010a019                ttykickout
 .text          0x000000000010a025       0xf0 binaries/ttyputc.o
                0x000000000010a025                ttyputc
 .text          0x000000000010a115      0x143 binaries/ttyread.o
                0x000000000010a115                ttyread
 .text          0x000000000010a258       0x59 binaries/ttywrite.o
                0x000000000010a258                ttywrite
 .text          0x000000000010a2b1      0x152 binaries/mount.o
                0x000000000010a2b1                namlen
                0x000000000010a2e7                mount
 .text          0x000000000010a403      0x1f2 binaries/naminit.o
                0x000000000010a403                naminit
 .text          0x000000000010a5f5      0x231 binaries/nammap.o
                0x000000000010a5f5                namrepl
                0x000000000010a732                namcpy
                0x000000000010a77d                nammap
 .text          0x000000000010a826       0x5b binaries/namopen.o
                0x000000000010a826                namopen
 .text          0x000000000010a881       0xfc binaries/colon2mac.o
                0x000000000010a881                colon2mac
 .text          0x000000000010a97d       0x8d binaries/ethcontrol.o
                0x000000000010a97d                ethcontrol
 .text          0x000000000010aa0a      0x1bc binaries/ethhandler.o
                0x000000000010aa0a                ethhandler
 .text          0x000000000010abc6      0x573 binaries/ethinit.o
                0x000000000010abc6                eth_phy_read
                0x000000000010ac01                eth_phy_write
                0x000000000010ac3f                eth_phy_reset
                0x000000000010ad14                ethinit
 .text          0x000000000010b139      0x10d binaries/ethmcast.o
                0x000000000010b139                ethmcast_add
                0x000000000010b18d                ethmcast_remove
 .text          0x000000000010b246      0x1d8 binaries/ethread.o
                0x000000000010b246                ethread
 .text          0x000000000010b41e       0xdf binaries/ethwrite.o
                0x000000000010b41e                ethwrite
 .text          0x000000000010b4fd       0x73 binaries/rdsbufalloc.o
                0x000000000010b4fd                rdsbufalloc
 .text          0x000000000010b570       0xb7 binaries/rdsclose.o
                0x000000000010b570                rdsclose
 .text          0x000000000010b627      0x22d binaries/rdscomm.o
                0x000000000010b627                rdscomm
 .text          0x000000000010b854      0x1d8 binaries/rdscontrol.o
                0x000000000010b854                rdscontrol
 .text          0x000000000010ba2c      0x201 binaries/rdsinit.o
                0x000000000010ba2c                rdsinit
 .text          0x000000000010bc2d      0x1a4 binaries/rdsopen.o
                0x000000000010bc2d                rdsopen
 .text          0x000000000010bdd1      0x2e5 binaries/rdsprocess.o
                0x000000000010bdd1                rdsprocess
 .text          0x000000000010c0b6      0x209 binaries/rdsread.o
                0x000000000010c0b6                rdsread
 .text          0x000000000010c2bf      0x1b3 binaries/rdswrite.o
                0x000000000010c2bf                rdswrite
 .text          0x000000000010c472        0x6 binaries/ramclose.o
                0x000000000010c472                ramclose
 .text          0x000000000010c478       0x42 binaries/raminit.o
                0x000000000010c478                raminit
 .text          0x000000000010c4ba        0x7 binaries/ramopen.o
                0x000000000010c4ba                ramopen
 .text          0x000000000010c4c1       0x35 binaries/ramread.o
                0x000000000010c4c1                ramread
 .text          0x000000000010c4f6       0x35 binaries/ramwrite.o
                0x000000000010c4f6                ramwrite
 .text          0x000000000010c52b       0xa3 binaries/lfdballoc.o
                0x000000000010c52b                lfdballoc
 .text          0x000000000010c5ce       0x5c binaries/lfdbfree.o
                0x000000000010c5ce                lfdbfree
 .text          0x000000000010c62a       0xb5 binaries/lfflush.o
                0x000000000010c62a                lfflush
 .text          0x000000000010c6df       0x74 binaries/lfgetmode.o
                0x000000000010c6df                lfgetmode
 .text          0x000000000010c753       0x70 binaries/lfiballoc.o
                0x000000000010c753                lfiballoc
 .text          0x000000000010c7c3       0x25 binaries/lfibclear.o
                0x000000000010c7c3                lfibclear
 .text          0x000000000010c7e8       0x8f binaries/lfibget.o
                0x000000000010c7e8                lfibget
 .text          0x000000000010c877       0xa8 binaries/lfibput.o
                0x000000000010c877                lfibput
 .text          0x000000000010c91f       0xc1 binaries/lflclose.o
                0x000000000010c91f                lflclose
 .text          0x000000000010c9e0       0xdb binaries/lflcontrol.o
                0x000000000010c9e0                lflcontrol
 .text          0x000000000010cabb      0x118 binaries/lflgetc.o
                0x000000000010cabb                lflgetc
 .text          0x000000000010cbd3       0xf6 binaries/lflinit.o
                0x000000000010cbd3                lflinit
 .text          0x000000000010ccc9      0x150 binaries/lflputc.o
                0x000000000010ccc9                lflputc
 .text          0x000000000010ce19       0x77 binaries/lflread.o
                0x000000000010ce19                lflread
 .text          0x000000000010ce90       0xda binaries/lflseek.o
                0x000000000010ce90                lflseek
 .text          0x000000000010cf6a       0x65 binaries/lflwrite.o
                0x000000000010cf6a                lflwrite
 .text          0x000000000010cfcf      0x14f binaries/lfsckfmt.o
                0x000000000010cfcf                lfsckfmt
 .text          0x000000000010d11e      0x1d3 binaries/lfscreate.o
                0x000000000010d11e                lfscreate
 .text          0x000000000010d2f1      0x1f7 binaries/lfsetup.o
                0x000000000010d2f1                lfsetup
 .text          0x000000000010d4e8       0x52 binaries/lfsinit.o
                0x000000000010d4e8                lfsinit
 .text          0x000000000010d53a      0x33f binaries/lfsopen.o
                0x000000000010d53a                lfsopen
 .text          0x000000000010d879      0x151 binaries/lftruncate.o
                0x000000000010d879                lftruncate
 .text          0x000000000010d9ca       0x83 binaries/rflclose.o
                0x000000000010d9ca                rflclose
 .text          0x000000000010da4d       0x38 binaries/rflgetc.o
                0x000000000010da4d                rflgetc
 .text          0x000000000010da85       0x80 binaries/rflinit.o
                0x000000000010da85                rflinit
 .text          0x000000000010db05       0x3b binaries/rflputc.o
                0x000000000010db05                rflputc
 .text          0x000000000010db40      0x33b binaries/rflread.o
                0x000000000010db40                rflread
 .text          0x000000000010de7b       0x87 binaries/rflseek.o
                0x000000000010de7b                rflseek
 .text          0x000000000010df02      0x360 binaries/rflwrite.o
                0x000000000010df02                rflwrite
 .text          0x000000000010e262      0x1a6 binaries/rfscomm.o
                0x000000000010e262                rfscomm
 .text          0x000000000010e408      0x27f binaries/rfscontrol.o
                0x000000000010e408                rfscontrol
 .text          0x000000000010e687       0x74 binaries/rfsgetmode.o
                0x000000000010e687                rfsgetmode
 .text          0x000000000010e6fb       0x98 binaries/rfsinit.o
                0x000000000010e6fb                rfsinit
 .text          0x000000000010e793       0xca binaries/rfsndmsg.o
                0x000000000010e793                rfsndmsg
 .text          0x000000000010e85d      0x286 binaries/rfsopen.o
                0x000000000010e85d                rfsopen
 .text          0x000000000010eae3      0x6c0 binaries/arp.o
                0x000000000010eae3                arp_init
                0x000000000010eb0a                arp_alloc
                0x000000000010ebbb                arp_ntoh
                0x000000000010ec25                arp_hton
                0x000000000010ec8f                arp_resolve
                0x000000000010ef34                arp_in
 .text          0x000000000010f1a3      0x5ea binaries/dhcp.o
                0x000000000010f1a3                dhcp_get_opt_val
                0x000000000010f1f4                dhcp_bld_bootp_msg
                0x000000000010f2d2                dhcp_bld_disc
                0x000000000010f322                dhcp_bld_req
                0x000000000010f3c8                getlocalip
 .text          0x000000000010f78d       0xc6 binaries/dot2ip.o
                0x000000000010f78d                dot2ip
 .text          0x000000000010f853      0x3cf binaries/hexdump.o
                0x000000000010f853                hexdump
                0x000000000010f9e5                hexadump
 .text          0x000000000010fc22      0x778 binaries/icmp.o
                0x000000000010fc22                icmp_init
                0x000000000010fc46                icmp_register
                0x000000000010fcfa                icmp_recv
                0x000000000010feb5                icmp_mkpkt
                0x000000000010ffac                icmp_in
                0x0000000000110152                icmp_send
                0x00000000001101d5                icmp_release
                0x0000000000110318                icmp_cksum
                0x0000000000110372                icmp_hton
                0x0000000000110386                icmp_ntoh
 .text          0x000000000011039a      0x648 binaries/ip.o
                0x000000000011039a                ip_local
                0x00000000001103e7                ipcksum
                0x0000000000110435                ip_ntoh
                0x000000000011049f                ip_in
                0x00000000001105e8                ip_hton
                0x0000000000110652                ip_out
                0x0000000000110712                ip_send
                0x000000000011083c                ipout
                0x000000000011093f                ip_enqueue
 .text          0x00000000001109e2      0x1cc binaries/net.o
                0x00000000001109e2                net_init
                0x0000000000110af0                eth_hton
                0x0000000000110afa                eth_ntoh
                0x0000000000110b04                netin
 .text          0x0000000000110bae       0xd9 binaries/netstart.o
                0x0000000000110bae                netstart
 .text          0x0000000000110c87      0xae9 binaries/pdump.o
                0x0000000000110c87                pdump
                0x00000000001112c4                pdumph
 .text          0x0000000000111770      0x5ff binaries/tftp.o
                0x0000000000111770                tftp_send1
                0x0000000000111892                tftpget_mb
                0x0000000000111d48                tftpget
 .text          0x0000000000111d6f      0xa9c binaries/udp.o
                0x0000000000111d6f                udp_init
                0x0000000000111db2                udp_in
                0x0000000000111ece                udp_register
                0x0000000000111fe9                udp_recv
                0x000000000011218e                udp_recvaddr
                0x0000000000112347                udp_send
                0x0000000000112514                udp_sendto
                0x00000000001126a0                udp_release
                0x00000000001127e3                udp_ntoh
                0x00000000001127f7                udp_hton
 .text          0x000000000011280b      0x148 binaries/addargs.o
                0x000000000011280b                addargs
 .text          0x0000000000112953      0x234 binaries/lexan.o
                0x0000000000112953                lexan
 .text          0x0000000000112b87      0x648 binaries/shell.o
                0x0000000000112b87                shell
 .text          0x00000000001131cf       0x6e binaries/xsh_argecho.o
                0x00000000001131cf                xsh_argecho
 .text          0x000000000011323d      0x244 binaries/xsh_arp.o
                0x000000000011323d                xsh_arp
 .text          0x0000000000113481      0x283 binaries/xsh_cat.o
                0x0000000000113481                xsh_cat
 .text          0x0000000000113704       0x73 binaries/xsh_clear.o
                0x0000000000113704                xsh_clear
 .text          0x0000000000113777      0x2da binaries/xsh_date.o
                0x0000000000113777                xsh_date
 .text          0x0000000000113a51       0xad binaries/xsh_devdump.o
                0x0000000000113a51                xsh_devdump
 .text          0x0000000000113afe       0x77 binaries/xsh_echo.o
                0x0000000000113afe                xsh_echo
 .text          0x0000000000113b75        0x6 binaries/xsh_exit.o
                0x0000000000113b75                xsh_exit
 .text          0x0000000000113b7b      0x38a binaries/xsh_help.o
                0x0000000000113b7b                xsh_help
 .text          0x0000000000113f05      0x39e binaries/xsh_ipaddr.o
                0x0000000000113f05                xsh_ipaddr
 .text          0x00000000001142a3      0x21d binaries/xsh_kill.o
                0x00000000001142a3                xsh_kill
 .text          0x00000000001144c0      0x45e binaries/xsh_memdump.o
                0x000000000011456a                xsh_memdump
 .text          0x000000000011491e      0x231 binaries/xsh_memstat.o
                0x000000000011491e                xsh_memstat
 .text          0x0000000000114b4f      0x341 binaries/xsh_ping.o
                0x0000000000114b4f                xsh_ping
 .text          0x0000000000114e90      0x1e6 binaries/xsh_ps.o
                0x0000000000114e90                xsh_ps
 .text          0x0000000000115076      0x1fc binaries/xsh_sleep.o
                0x0000000000115076                xsh_sleep
 .text          0x0000000000115272      0x227 binaries/xsh_udpdump.o
                0x0000000000115272                xsh_udpdump
 .text          0x0000000000115499      0x4a9 binaries/xsh_udpecho.o
                0x0000000000115499                xsh_udpecho
 .text          0x0000000000115942      0x2ce binaries/xsh_udpeserver.o
                0x0000000000115942                xsh_udpeserver
 .text          0x0000000000115c10      0x202 binaries/xsh_uptime.o
                0x0000000000115c10                xsh_uptime
 .text          0x0000000000115e12        0xe binaries/clkdisp.o
                0x0000000000115e12                clkdisp
 .text          0x0000000000115e20       0x19 binaries/ctxsw.o
                0x0000000000115e20                ctxsw
 .text          0x0000000000115e39      0x368 binaries/intr.o
                0x0000000000115e39                disable
                0x0000000000115e42                restore
                0x0000000000115e50                enable
                0x0000000000115e52                pause
                0x0000000000115e59                halt
                0x0000000000115e5c                spurious_irq7
                0x0000000000115e61                spurious_irq15
                0x0000000000115e70                _Xint0
                0x0000000000115e7b                _Xint1
                0x0000000000115e86                _Xint2
                0x0000000000115e91                _Xint3
                0x0000000000115e9c                _Xint4
                0x0000000000115ea7                _Xint5
                0x0000000000115eb2                _Xint6
                0x0000000000115ebd                _Xint7
                0x0000000000115ec8                _Xint8
                0x0000000000115ed3                _Xint9
                0x0000000000115ede                _Xint10
                0x0000000000115ee9                _Xint11
                0x0000000000115ef7                _Xint12
                0x0000000000115f05                _Xint13
                0x0000000000115f13                _Xint14
                0x0000000000115f21                _Xint15
                0x0000000000115f2f                _Xint16
                0x0000000000115f3d                _Xint17
                0x0000000000115f4b                _Xint18
                0x0000000000115f59                _Xint19
                0x0000000000115f67                _Xint20
                0x0000000000115f75                _Xint21
                0x0000000000115f83                _Xint22
                0x0000000000115f91                _Xint23
                0x0000000000115f9f                _Xint24
                0x0000000000115fad                _Xint25
                0x0000000000115fbb                _Xint26
                0x0000000000115fc9                _Xint27
                0x0000000000115fd7                _Xint28
                0x0000000000115fe5                _Xint29
                0x0000000000115ff3                _Xint30
                0x0000000000116001                _Xint31
                0x000000000011600f                _Xint32
                0x000000000011601d                _Xint33
                0x000000000011602b                _Xint34
                0x0000000000116039                _Xint35
                0x0000000000116047                _Xint36
                0x0000000000116055                _Xint37
                0x0000000000116063                _Xint38
                0x0000000000116071                _Xint39
                0x000000000011607f                _Xint40
                0x000000000011608d                _Xint41
                0x000000000011609b                _Xint42
                0x00000000001160a9                _Xint43
                0x00000000001160b7                _Xint44
                0x00000000001160c5                _Xint45
                0x00000000001160d3                _Xint46
                0x00000000001160e1                defevec
 .text          0x00000000001161a1        0xf binaries/ttydispatch.o
                0x00000000001161a1                ttydispatch
 .text          0x00000000001161b0       0x13 binaries/ethdispatch.o
                0x00000000001161b0                ethdispatch
 *(.rodata .rodata.*)
 .rodata.str1.1
                0x00000000001161c3       0x54 binaries/ascdate.o
 *fill*         0x0000000000116217        0x1 
 .rodata.str1.4
                0x0000000000116218       0x22 binaries/ascdate.o
 .rodata.str1.1
                0x000000000011623a       0x5f binaries/conf.o
 *fill*         0x0000000000116299        0x3 
 .rodata.str1.4
                0x000000000011629c       0x4f binaries/early_imr.o
 *fill*         0x00000000001162eb        0x1 
 .rodata        0x00000000001162ec       0x33 binaries/early_imr.o
 .rodata.str1.1
                0x000000000011631f      0x20c binaries/evec.o
 *fill*         0x000000000011652b        0x1 
 .rodata.str1.4
                0x000000000011652c       0x23 binaries/evec.o
 .rodata.str1.1
                0x000000000011654f        0xb binaries/getutime.o
 *fill*         0x000000000011655a        0x2 
 .rodata.str1.4
                0x000000000011655c       0x54 binaries/getutime.o
 .rodata.str1.1
                0x00000000001165b0       0x63 binaries/initialize.o
                                         0x67 (size before relaxing)
 *fill*         0x0000000000116613        0x1 
 .rodata.str1.4
                0x0000000000116614       0xd4 binaries/initialize.o
 .rodata        0x00000000001166e8       0x28 binaries/kill.o
 .rodata.str1.1
                0x0000000000116710      0x7f9 binaries/main.o
                                        0x7fb (size before relaxing)
 *fill*         0x0000000000116f09        0x3 
 .rodata.str1.4
                0x0000000000116f0c      0x67b binaries/main.o
 *fill*         0x0000000000117587        0x1 
 .rodata        0x0000000000117588       0x30 binaries/main.o
 .rodata.str1.4
                0x00000000001175b8       0x23 binaries/meminit.o
 .rodata.str1.1
                0x00000000001175db       0x1b binaries/meminit.o
 .rodata.str1.1
                0x00000000001175f6        0xf binaries/panic.o
 .rodata.str1.1
                0x0000000000117605       0x1c binaries/ptinit.o
 *fill*         0x0000000000117621        0x3 
 .rodata.str1.4
                0x0000000000117624       0x25 binaries/ptsend.o
 .rodata.str1.1
                0x0000000000117649       0x22 binaries/quark_pdat.o
 .rodata.str1.1
                0x000000000011766b        0xe binaries/releaseall.o
                                         0x10 (size before relaxing)
 *fill*         0x0000000000117679        0x3 
 .rodata.str1.4
                0x000000000011767c       0x8a binaries/releaseall.o
 *fill*         0x0000000000117706        0x2 
 .rodata.str1.4
                0x0000000000117708       0x27 binaries/xdone.o
 *fill*         0x000000000011772f       0x11 
 .rodata        0x0000000000117740       0x81 binaries/ctype_.o
                0x0000000000117740                _ctype_
 .rodata.str1.1
                0x00000000001177c1       0x29 binaries/doprnt.o
 *fill*         0x00000000001177ea        0x2 
 .rodata        0x00000000001177ec       0xc4 binaries/doprnt.o
 .rodata        0x00000000001178b0       0x98 binaries/doscan.o
 .rodata.str1.1
                0x0000000000117948       0x29 binaries/fdoprnt.o
 .rodata        0x0000000000117948       0x84 binaries/fdoprnt.o
 .rodata        0x00000000001179cc       0x20 binaries/ttycontrol.o
 .rodata.str1.4
                0x00000000001179ec       0x4c binaries/naminit.o
 .rodata.str1.1
                0x0000000000117a38       0x32 binaries/naminit.o
                                         0x35 (size before relaxing)
 .rodata.str1.1
                0x0000000000117a6a       0x15 binaries/ethinit.o
 *fill*         0x0000000000117a7f        0x1 
 .rodata.str1.4
                0x0000000000117a80       0x2e binaries/ethinit.o
 *fill*         0x0000000000117aae        0x2 
 .rodata.str1.4
                0x0000000000117ab0       0x2c binaries/rdsbufalloc.o
 .rodata.str1.4
                0x0000000000117adc       0x76 binaries/rdscomm.o
 *fill*         0x0000000000117b52        0x2 
 .rodata.str1.4
                0x0000000000117b54       0x48 binaries/rdscontrol.o
 .rodata.str1.4
                0x0000000000117b9c       0x7e binaries/rdsinit.o
 .rodata.str1.1
                0x0000000000117c1a       0x18 binaries/rdsinit.o
 *fill*         0x0000000000117c32        0x2 
 .rodata.str1.4
                0x0000000000117c34       0x22 binaries/rdsopen.o
 *fill*         0x0000000000117c56        0x2 
 .rodata.str1.4
                0x0000000000117c58       0x4d binaries/rdsprocess.o
 .rodata.str1.1
                0x0000000000117ca5        0x9 binaries/raminit.o
 .rodata.str1.1
                0x0000000000117cae       0x13 binaries/lfdballoc.o
 *fill*         0x0000000000117cc1        0x3 
 .rodata.str1.4
                0x0000000000117cc4       0x23 binaries/lfdballoc.o
 .rodata.str1.1
                0x0000000000117ce7       0x14 binaries/lfiballoc.o
 *fill*         0x0000000000117cfb        0x1 
 .rodata.str1.4
                0x0000000000117cfc       0x23 binaries/lflcontrol.o
 .rodata.str1.1
                0x0000000000117d1f       0x64 binaries/lfsckfmt.o
 *fill*         0x0000000000117d83        0x1 
 .rodata.str1.4
                0x0000000000117d84       0x51 binaries/lfsckfmt.o
 *fill*         0x0000000000117dd5        0x3 
 .rodata.str1.4
                0x0000000000117dd8       0x21 binaries/rflread.o
 .rodata.str1.4
                0x0000000000117df9       0x21 binaries/rflwrite.o
 *fill*         0x0000000000117df9        0x3 
 .rodata.str1.4
                0x0000000000117dfc       0x75 binaries/rfscomm.o
 *fill*         0x0000000000117e71        0x3 
 .rodata.str1.4
                0x0000000000117e74       0x23 binaries/rfscontrol.o
 *fill*         0x0000000000117e97        0x1 
 .rodata        0x0000000000117e98       0x18 binaries/rfscontrol.o
 .rodata.str1.1
                0x0000000000117eb0       0x10 binaries/rfsinit.o
 .rodata.str1.4
                0x0000000000117eb0       0x57 binaries/rfsinit.o
 *fill*         0x0000000000117f07        0x1 
 .rodata.str1.4
                0x0000000000117f08       0x2a binaries/rfsndmsg.o
 .rodata.str1.4
                0x0000000000117f32       0x22 binaries/rfsopen.o
 .rodata.str1.1
                0x0000000000117f32       0x19 binaries/arp.o
 *fill*         0x0000000000117f4b        0x1 
 .rodata.str1.4
                0x0000000000117f4c       0x21 binaries/arp.o
 *fill*         0x0000000000117f6d        0x3 
 .rodata.str1.4
                0x0000000000117f70       0xa6 binaries/dhcp.o
 .rodata.str1.1
                0x0000000000118016       0x4a binaries/dhcp.o
 .rodata.str1.1
                0x0000000000118060       0x5a binaries/hexdump.o
                                         0x61 (size before relaxing)
 *fill*         0x00000000001180ba        0x2 
 .rodata.str1.4
                0x00000000001180bc       0x67 binaries/hexdump.o
 *fill*         0x0000000000118123        0x1 
 .rodata.str1.4
                0x0000000000118124       0x29 binaries/icmp.o
 .rodata.str1.1
                0x000000000011814d       0x4e binaries/ip.o
 *fill*         0x000000000011819b        0x1 
 .rodata.str1.4
                0x000000000011819c       0x20 binaries/ip.o
 .rodata.str1.4
                0x00000000001181bc       0x28 binaries/net.o
 .rodata.str1.1
                0x00000000001181e4       0x27 binaries/net.o
 *fill*         0x000000000011820b        0x1 
 .rodata.str1.4
                0x000000000011820c       0xcf binaries/netstart.o
 .rodata.str1.1
                0x00000000001182db      0x141 binaries/pdump.o
                                        0x14b (size before relaxing)
 .rodata.str1.4
                0x000000000011841c      0x126 binaries/pdump.o
 *fill*         0x0000000000118542        0x2 
 .rodata.str1.4
                0x0000000000118544      0x148 binaries/tftp.o
 .rodata.str1.1
                0x000000000011868c        0x6 binaries/tftp.o
                                          0xa (size before relaxing)
 .rodata.str1.1
                0x0000000000118692       0xe3 binaries/shell.o
                                         0xff (size before relaxing)
 *fill*         0x0000000000118775        0x3 
 .rodata.str1.4
                0x0000000000118778      0x1c4 binaries/shell.o
 .rodata.str1.1
                0x000000000011893c       0x26 binaries/xsh_argecho.o
                                         0x28 (size before relaxing)
 .rodata.str1.1
                0x0000000000118962       0x70 binaries/xsh_arp.o
                                         0x72 (size before relaxing)
 *fill*         0x00000000001189d2        0x2 
 .rodata.str1.4
                0x00000000001189d4       0xb4 binaries/xsh_arp.o
 .rodata.str1.1
                0x0000000000118a88       0x2d binaries/xsh_cat.o
                                         0x4f (size before relaxing)
 *fill*         0x0000000000118ab5        0x3 
 .rodata.str1.4
                0x0000000000118ab8       0x52 binaries/xsh_cat.o
                                         0x79 (size before relaxing)
 .rodata.str1.1
                0x0000000000118b0a       0x15 binaries/xsh_clear.o
 .rodata.str1.1
                0x0000000000118b1f       0x46 binaries/xsh_date.o
                                         0x5f (size before relaxing)
 *fill*         0x0000000000118b65        0x3 
 .rodata.str1.4
                0x0000000000118b68      0x163 binaries/xsh_date.o
 .rodata.str1.1
                0x0000000000118ccb       0x5d binaries/xsh_devdump.o
 .rodata.str1.1
                0x0000000000118d28        0x4 binaries/xsh_echo.o
                                          0x9 (size before relaxing)
 .rodata.str1.1
                0x0000000000118d2c       0x65 binaries/xsh_help.o
                                         0xa3 (size before relaxing)
 *fill*         0x0000000000118d91        0x3 
 .rodata.str1.4
                0x0000000000118d94       0x7c binaries/xsh_help.o
                                         0xc6 (size before relaxing)
 .rodata.str1.1
                0x0000000000118e10       0x9c binaries/xsh_ipaddr.o
                                         0xf8 (size before relaxing)
 .rodata.str1.4
                0x0000000000118eac       0x4d binaries/xsh_ipaddr.o
                                         0x99 (size before relaxing)
 .rodata.str1.1
                0x0000000000118ef9       0x78 binaries/xsh_kill.o
                                         0x97 (size before relaxing)
 *fill*         0x0000000000118f71        0x3 
 .rodata.str1.4
                0x0000000000118f74       0x4a binaries/xsh_kill.o
                                         0x96 (size before relaxing)
 .rodata.str1.1
                0x0000000000118fbe       0x84 binaries/xsh_memdump.o
                                         0xa8 (size before relaxing)
 *fill*         0x0000000000119042        0x2 
 .rodata.str1.4
                0x0000000000119044      0x15a binaries/xsh_memdump.o
                                        0x1aa (size before relaxing)
 .rodata.str1.1
                0x000000000011919e       0x40 binaries/xsh_memstat.o
                                         0x79 (size before relaxing)
 *fill*         0x00000000001191de        0x2 
 .rodata.str1.4
                0x00000000001191e0      0x187 binaries/xsh_memstat.o
                                        0x1af (size before relaxing)
 .rodata.str1.1
                0x0000000000119367       0x90 binaries/xsh_ping.o
                                         0xaf (size before relaxing)
 *fill*         0x00000000001193f7        0x1 
 .rodata.str1.4
                0x00000000001193f8       0x77 binaries/xsh_ping.o
                                         0xc6 (size before relaxing)
 .rodata.str1.1
                0x000000000011946f       0x74 binaries/xsh_ps.o
                                         0xd5 (size before relaxing)
 *fill*         0x00000000001194e3        0x1 
 .rodata.str1.4
                0x00000000001194e4       0x80 binaries/xsh_ps.o
                                         0xd0 (size before relaxing)
 .rodata.str1.1
                0x0000000000119564       0x31 binaries/xsh_sleep.o
                                         0x72 (size before relaxing)
 *fill*         0x0000000000119595        0x3 
 .rodata.str1.4
                0x0000000000119598       0x2a binaries/xsh_sleep.o
                                         0x7a (size before relaxing)
 .rodata.str1.1
                0x00000000001195c2       0x6b binaries/xsh_udpdump.o
                                         0xd2 (size before relaxing)
 *fill*         0x000000000011962d        0x3 
 .rodata.str1.4
                0x0000000000119630       0x94 binaries/xsh_udpdump.o
                                         0xe4 (size before relaxing)
 .rodata.str1.1
                0x00000000001196c4       0xdb binaries/xsh_udpecho.o
                                         0xfa (size before relaxing)
 *fill*         0x000000000011979f        0x1 
 .rodata.str1.4
                0x00000000001197a0       0xc7 binaries/xsh_udpecho.o
                                        0x116 (size before relaxing)
 .rodata.str1.1
                0x0000000000119867       0x66 binaries/xsh_udpeserver.o
                                         0x8f (size before relaxing)
 *fill*         0x00000000001198cd        0x3 
 .rodata.str1.4
                0x00000000001198d0       0x29 binaries/xsh_udpeserver.o
                                         0x9f (size before relaxing)
 .rodata.str1.1
                0x00000000001198f9       0x49 binaries/xsh_uptime.o
                                         0x8c (size before relaxing)
 *fill*         0x0000000000119942        0x2 
 .rodata.str1.4
                0x0000000000119944       0x28 binaries/xsh_uptime.o
                                         0x76 (size before relaxing)
                0x000000000011996c                etext = ABSOLUTE (.)
                0x000000000011a000                . = ALIGN (0x1000)
 *fill*         0x000000000011996c      0x694 

.eh_frame       0x000000000011a000     0x8b08
 .eh_frame      0x000000000011a000       0x98 binaries/ascdate.o
 .eh_frame      0x000000000011a098       0x28 binaries/bufinit.o
                                         0x40 (size before relaxing)
 .eh_frame      0x000000000011a0c0       0xe8 binaries/chprio.o
                                        0x114 (size before relaxing)
 .eh_frame      0x000000000011a1a8       0x24 binaries/clkhandler.o
                                         0x50 (size before relaxing)
 .eh_frame      0x000000000011a1cc       0x44 binaries/clkinit.o
                                         0x70 (size before relaxing)
 .eh_frame      0x000000000011a210       0x44 binaries/close.o
                                         0x70 (size before relaxing)
 .eh_frame      0x000000000011a254       0x48 binaries/control.o
                                         0x74 (size before relaxing)
 .eh_frame      0x000000000011a29c       0x5c binaries/create.o
                                         0x88 (size before relaxing)
 .eh_frame      0x000000000011a2f8      0x164 binaries/early_imr.o
                                        0x190 (size before relaxing)
 .eh_frame      0x000000000011a45c      0x1f8 binaries/evec.o
                                        0x224 (size before relaxing)
 .eh_frame      0x000000000011a654       0x58 binaries/freebuf.o
                                         0x84 (size before relaxing)
 .eh_frame      0x000000000011a6ac       0x5c binaries/freemem.o
                                         0x88 (size before relaxing)
 .eh_frame      0x000000000011a708       0x50 binaries/getbuf.o
                                         0x7c (size before relaxing)
 .eh_frame      0x000000000011a758       0x44 binaries/getc.o
                                         0x70 (size before relaxing)
 .eh_frame      0x000000000011a79c       0x60 binaries/getdev.o
                                         0x8c (size before relaxing)
 .eh_frame      0x000000000011a7fc       0x68 binaries/getitem.o
                                         0x94 (size before relaxing)
 .eh_frame      0x000000000011a864       0x54 binaries/getmem.o
                                         0x80 (size before relaxing)
 .eh_frame      0x000000000011a8b8       0x14 binaries/getpid.o
                                         0x40 (size before relaxing)
 .eh_frame      0x000000000011a8cc       0x40 binaries/getprio.o
                                         0x6c (size before relaxing)
 .eh_frame      0x000000000011a90c       0x5c binaries/getstk.o
                                         0x88 (size before relaxing)
 .eh_frame      0x000000000011a968       0x2c binaries/gettime.o
                                         0x58 (size before relaxing)
 .eh_frame      0x000000000011a994       0x98 binaries/getutime.o
                                         0xc4 (size before relaxing)
 .eh_frame      0x000000000011aa2c       0x44 binaries/init.o
                                         0x70 (size before relaxing)
 .eh_frame      0x000000000011aa70       0xe0 binaries/initialize.o
                                        0x10c (size before relaxing)
 .eh_frame      0x000000000011ab50       0x44 binaries/insert.o
                                         0x5c (size before relaxing)
 .eh_frame      0x000000000011ab94       0x40 binaries/insertd.o
                                         0x6c (size before relaxing)
 .eh_frame      0x000000000011abd4       0x14 binaries/ioerr.o
                                         0x2c (size before relaxing)
 .eh_frame      0x000000000011abe8       0x14 binaries/ionull.o
                                         0x2c (size before relaxing)
 .eh_frame      0x000000000011abfc       0xb0 binaries/kill.o
                                         0xdc (size before relaxing)
 .eh_frame      0x000000000011acac       0x90 binaries/kprintf.o
                                         0xd0 (size before relaxing)
 .eh_frame      0x000000000011ad3c       0x50 binaries/lcreate.o
                                         0x7c (size before relaxing)
 .eh_frame      0x000000000011ad8c       0x74 binaries/ldelete.o
                                         0xa0 (size before relaxing)
 .eh_frame      0x000000000011ae00       0x2c binaries/linit.o
                                         0x58 (size before relaxing)
 .eh_frame      0x000000000011ae2c      0x154 binaries/lock.o
                                        0x180 (size before relaxing)
 .eh_frame      0x000000000011af80       0x50 binaries/lqueue.o
                                         0x68 (size before relaxing)
 .eh_frame      0x000000000011afd0     0x1700 binaries/main.o
                                       0x172c (size before relaxing)
 .eh_frame      0x000000000011c6d0       0x64 binaries/mark.o
                                         0x90 (size before relaxing)
 .eh_frame      0x000000000011c734       0x80 binaries/meminit.o
                                         0xac (size before relaxing)
 .eh_frame      0x000000000011c7b4       0x78 binaries/mkbufpool.o
                                         0xa4 (size before relaxing)
 .eh_frame      0x000000000011c82c       0x30 binaries/newqueue.o
                                         0x48 (size before relaxing)
 .eh_frame      0x000000000011c85c       0x48 binaries/open.o
                                         0x74 (size before relaxing)
 .eh_frame      0x000000000011c8a4       0x28 binaries/panic.o
                                         0x54 (size before relaxing)
 .eh_frame      0x000000000011c8cc       0xf4 binaries/pci.o
                                        0x10c (size before relaxing)
 .eh_frame      0x000000000011c9c0       0x40 binaries/platinit.o
                                         0x6c (size before relaxing)
 .eh_frame      0x000000000011ca00       0x6c binaries/ptclear.o
                                         0x98 (size before relaxing)
 .eh_frame      0x000000000011ca6c       0x64 binaries/ptcount.o
                                         0x90 (size before relaxing)
 .eh_frame      0x000000000011cad0       0x60 binaries/ptcreate.o
                                         0x8c (size before relaxing)
 .eh_frame      0x000000000011cb30       0x48 binaries/ptdelete.o
                                         0x74 (size before relaxing)
 .eh_frame      0x000000000011cb78       0x44 binaries/ptinit.o
                                         0x70 (size before relaxing)
 .eh_frame      0x000000000011cbbc       0x64 binaries/ptrecv.o
                                         0x90 (size before relaxing)
 .eh_frame      0x000000000011cc20       0x48 binaries/ptreset.o
                                         0x74 (size before relaxing)
 .eh_frame      0x000000000011cc68       0x70 binaries/ptsend.o
                                         0x9c (size before relaxing)
 .eh_frame      0x000000000011ccd8       0x54 binaries/putc.o
                                         0x80 (size before relaxing)
 .eh_frame      0x000000000011cd2c       0x6c binaries/quark_irq.o
                                         0x98 (size before relaxing)
 .eh_frame      0x000000000011cd98       0xe8 binaries/quark_pdat.o
                                        0x114 (size before relaxing)
 .eh_frame      0x000000000011ce80       0x4c binaries/queue.o
                                         0x78 (size before relaxing)
 .eh_frame      0x000000000011cecc       0x48 binaries/read.o
                                         0x74 (size before relaxing)
 .eh_frame      0x000000000011cf14       0x34 binaries/ready.o
                                         0x60 (size before relaxing)
 .eh_frame      0x000000000011cf48       0x50 binaries/receive.o
                                         0x7c (size before relaxing)
 .eh_frame      0x000000000011cf98       0x38 binaries/recvclr.o
                                         0x64 (size before relaxing)
 .eh_frame      0x000000000011cfd0       0x60 binaries/recvtime.o
                                         0x8c (size before relaxing)
 .eh_frame      0x000000000011d030      0x1c4 binaries/releaseall.o
                                        0x1f0 (size before relaxing)
 .eh_frame      0x000000000011d1f4       0x78 binaries/resched.o
                                         0xb8 (size before relaxing)
 .eh_frame      0x000000000011d26c       0x5c binaries/resume.o
                                         0x88 (size before relaxing)
 .eh_frame      0x000000000011d2c8       0x44 binaries/seek.o
                                         0x70 (size before relaxing)
 .eh_frame      0x000000000011d30c       0x40 binaries/semcount.o
                                         0x6c (size before relaxing)
 .eh_frame      0x000000000011d34c       0x54 binaries/semcreate.o
                                         0x80 (size before relaxing)
 .eh_frame      0x000000000011d3a0       0x6c binaries/semdelete.o
                                         0x98 (size before relaxing)
 .eh_frame      0x000000000011d40c       0x6c binaries/semreset.o
                                         0x98 (size before relaxing)
 .eh_frame      0x000000000011d478       0x60 binaries/send.o
                                         0x8c (size before relaxing)
 .eh_frame      0x000000000011d4d8       0x54 binaries/signal.o
                                         0x80 (size before relaxing)
 .eh_frame      0x000000000011d52c       0x70 binaries/signaln.o
                                         0x9c (size before relaxing)
 .eh_frame      0x000000000011d59c       0x80 binaries/sleep.o
                                         0xac (size before relaxing)
 .eh_frame      0x000000000011d61c       0x54 binaries/suspend.o
                                         0x80 (size before relaxing)
 .eh_frame      0x000000000011d670       0x4c binaries/unsleep.o
                                         0x78 (size before relaxing)
 .eh_frame      0x000000000011d6bc       0x28 binaries/userret.o
                                         0x54 (size before relaxing)
 .eh_frame      0x000000000011d6e4       0x58 binaries/wait.o
                                         0x84 (size before relaxing)
 .eh_frame      0x000000000011d73c       0x48 binaries/wakeup.o
                                         0x74 (size before relaxing)
 .eh_frame      0x000000000011d784       0x48 binaries/write.o
                                         0x74 (size before relaxing)
 .eh_frame      0x000000000011d7cc       0x24 binaries/xdone.o
                                         0x50 (size before relaxing)
 .eh_frame      0x000000000011d7f0       0x30 binaries/yield.o
                                         0x5c (size before relaxing)
 .eh_frame      0x000000000011d820       0x14 binaries/abs.o
                                         0x2c (size before relaxing)
 .eh_frame      0x000000000011d834       0x28 binaries/atoi.o
                                         0x40 (size before relaxing)
 .eh_frame      0x000000000011d85c       0x28 binaries/atol.o
                                         0x40 (size before relaxing)
 .eh_frame      0x000000000011d884       0x14 binaries/bzero.o
                                         0x2c (size before relaxing)
 .eh_frame      0x000000000011d898      0x174 binaries/doprnt.o
                                        0x1a0 (size before relaxing)
 .eh_frame      0x000000000011da0c      0x108 binaries/doscan.o
                                        0x134 (size before relaxing)
 .eh_frame      0x000000000011db14      0x114 binaries/fdoprnt.o
                                        0x140 (size before relaxing)
 .eh_frame      0x000000000011dc28       0x2c binaries/fgetc.o
                                         0x58 (size before relaxing)
 .eh_frame      0x000000000011dc54       0x48 binaries/fgets.o
                                         0x74 (size before relaxing)
 .eh_frame      0x000000000011dc9c       0x2c binaries/fprintf.o
                                         0x58 (size before relaxing)
 .eh_frame      0x000000000011dcc8       0x2c binaries/fputc.o
                                         0x58 (size before relaxing)
 .eh_frame      0x000000000011dcf4       0x3c binaries/fputs.o
                                         0x68 (size before relaxing)
 .eh_frame      0x000000000011dd30       0x7c binaries/fscanf.o
                                         0xa8 (size before relaxing)
 .eh_frame      0x000000000011ddac       0x24 binaries/getchar.o
                                         0x50 (size before relaxing)
 .eh_frame      0x000000000011ddd0       0x14 binaries/labs.o
                                         0x2c (size before relaxing)
 .eh_frame      0x000000000011dde4       0x14 binaries/memchr.o
                                         0x2c (size before relaxing)
 .eh_frame      0x000000000011ddf8       0x28 binaries/memcmp.o
                                         0x40 (size before relaxing)
 .eh_frame      0x000000000011de20       0x24 binaries/memcpy.o
                                         0x3c (size before relaxing)
 .eh_frame      0x000000000011de44       0x1c binaries/memset.o
                                         0x34 (size before relaxing)
 .eh_frame      0x000000000011de60       0x2c binaries/printf.o
                                         0x58 (size before relaxing)
 .eh_frame      0x000000000011de8c       0x28 binaries/putchar.o
                                         0x54 (size before relaxing)
 .eh_frame      0x000000000011deb4       0xc8 binaries/qsort.o
                                        0x11c (size before relaxing)
 .eh_frame      0x000000000011df7c       0x28 binaries/rand.o
                                         0x68 (size before relaxing)
 .eh_frame      0x000000000011dfa4       0x54 binaries/sprintf.o
                                         0x80 (size before relaxing)
 .eh_frame      0x000000000011dff8       0x5c binaries/sscanf.o
                                         0x88 (size before relaxing)
 .eh_frame      0x000000000011e054       0x20 binaries/strchr.o
                                         0x38 (size before relaxing)
 .eh_frame      0x000000000011e074       0x20 binaries/strcmp.o
                                         0x38 (size before relaxing)
 .eh_frame      0x000000000011e094       0x14 binaries/strcpy.o
                                         0x2c (size before relaxing)
 .eh_frame      0x000000000011e0a8       0x14 binaries/strlen.o
                                         0x2c (size before relaxing)
 .eh_frame      0x000000000011e0bc       0x2c binaries/strncat.o
                                         0x44 (size before relaxing)
 .eh_frame      0x000000000011e0e8       0x1c binaries/strncmp.o
                                         0x34 (size before relaxing)
 .eh_frame      0x000000000011e104       0x30 binaries/strncpy.o
                                         0x48 (size before relaxing)
 .eh_frame      0x000000000011e134       0x14 binaries/strnlen.o
                                         0x2c (size before relaxing)
 .eh_frame      0x000000000011e148       0x20 binaries/strrchr.o
                                         0x38 (size before relaxing)
 .eh_frame      0x000000000011e168       0x3c binaries/strstr.o
                                         0x54 (size before relaxing)
 .eh_frame      0x000000000011e1a4       0x58 binaries/ttycontrol.o
                                         0x84 (size before relaxing)
 .eh_frame      0x000000000011e1fc       0x44 binaries/ttygetc.o
                                         0x70 (size before relaxing)
 .eh_frame      0x000000000011e240       0xe0 binaries/ttyhandle_in.o
                                        0x10c (size before relaxing)
 .eh_frame      0x000000000011e320       0x68 binaries/ttyhandle_out.o
                                         0x94 (size before relaxing)
 .eh_frame      0x000000000011e388       0x5c binaries/ttyhandler.o
                                         0x88 (size before relaxing)
 .eh_frame      0x000000000011e3e4       0x4c binaries/ttyinit.o
                                         0x78 (size before relaxing)
 .eh_frame      0x000000000011e430       0x14 binaries/ttykickout.o
                                         0x2c (size before relaxing)
 .eh_frame      0x000000000011e444       0x64 binaries/ttyputc.o
                                         0x90 (size before relaxing)
 .eh_frame      0x000000000011e4a8       0x64 binaries/ttyread.o
                                         0x90 (size before relaxing)
 .eh_frame      0x000000000011e50c       0x4c binaries/ttywrite.o
                                         0x78 (size before relaxing)
 .eh_frame      0x000000000011e558       0x7c binaries/mount.o
                                         0xa8 (size before relaxing)
 .eh_frame      0x000000000011e5d4       0xe4 binaries/naminit.o
                                        0x110 (size before relaxing)
 .eh_frame      0x000000000011e6b8       0xf0 binaries/nammap.o
                                        0x130 (size before relaxing)
 .eh_frame      0x000000000011e7a8       0x48 binaries/namopen.o
                                         0x74 (size before relaxing)
 .eh_frame      0x000000000011e7f0       0x3c binaries/colon2mac.o
                                         0x68 (size before relaxing)
 .eh_frame      0x000000000011e82c       0x4c binaries/ethcontrol.o
                                         0x78 (size before relaxing)
 .eh_frame      0x000000000011e878       0x58 binaries/ethhandler.o
                                         0x84 (size before relaxing)
 .eh_frame      0x000000000011e8d0      0x154 binaries/ethinit.o
                                        0x180 (size before relaxing)
 .eh_frame      0x000000000011ea24       0xa8 binaries/ethmcast.o
                                         0xd4 (size before relaxing)
 .eh_frame      0x000000000011eacc       0x80 binaries/ethread.o
                                         0xac (size before relaxing)
 .eh_frame      0x000000000011eb4c       0x48 binaries/ethwrite.o
                                         0x74 (size before relaxing)
 .eh_frame      0x000000000011eb94       0x3c binaries/rdsbufalloc.o
                                         0x68 (size before relaxing)
 .eh_frame      0x000000000011ebd0       0x3c binaries/rdsclose.o
                                         0x68 (size before relaxing)
 .eh_frame      0x000000000011ec0c       0x90 binaries/rdscomm.o
                                         0xbc (size before relaxing)
 .eh_frame      0x000000000011ec9c       0xb4 binaries/rdscontrol.o
                                         0xe0 (size before relaxing)
 .eh_frame      0x000000000011ed50       0x9c binaries/rdsinit.o
                                         0xc8 (size before relaxing)
 .eh_frame      0x000000000011edec       0x80 binaries/rdsopen.o
                                         0xac (size before relaxing)
 .eh_frame      0x000000000011ee6c       0xf8 binaries/rdsprocess.o
                                        0x124 (size before relaxing)
 .eh_frame      0x000000000011ef64       0x7c binaries/rdsread.o
                                         0xa8 (size before relaxing)
 .eh_frame      0x000000000011efe0       0x80 binaries/rdswrite.o
                                         0xac (size before relaxing)
 .eh_frame      0x000000000011f060       0x14 binaries/ramclose.o
                                         0x2c (size before relaxing)
 .eh_frame      0x000000000011f074       0x40 binaries/raminit.o
                                         0x6c (size before relaxing)
 .eh_frame      0x000000000011f0b4       0x14 binaries/ramopen.o
                                         0x2c (size before relaxing)
 .eh_frame      0x000000000011f0c8       0x2c binaries/ramread.o
                                         0x58 (size before relaxing)
 .eh_frame      0x000000000011f0f4       0x2c binaries/ramwrite.o
                                         0x58 (size before relaxing)
 .eh_frame      0x000000000011f120       0x80 binaries/lfdballoc.o
                                         0xac (size before relaxing)
 .eh_frame      0x000000000011f1a0       0x50 binaries/lfdbfree.o
                                         0x7c (size before relaxing)
 .eh_frame      0x000000000011f1f0       0x5c binaries/lfflush.o
                                         0x88 (size before relaxing)
 .eh_frame      0x000000000011f24c       0x14 binaries/lfgetmode.o
                                         0x2c (size before relaxing)
 .eh_frame      0x000000000011f260       0x5c binaries/lfiballoc.o
                                         0x88 (size before relaxing)
 .eh_frame      0x000000000011f2bc       0x14 binaries/lfibclear.o
                                         0x2c (size before relaxing)
 .eh_frame      0x000000000011f2d0       0x4c binaries/lfibget.o
                                         0x78 (size before relaxing)
 .eh_frame      0x000000000011f31c       0x68 binaries/lfibput.o
                                         0x94 (size before relaxing)
 .eh_frame      0x000000000011f384       0x54 binaries/lflclose.o
                                         0x80 (size before relaxing)
 .eh_frame      0x000000000011f3d8       0x74 binaries/lflcontrol.o
                                         0xa0 (size before relaxing)
 .eh_frame      0x000000000011f44c       0x6c binaries/lflgetc.o
                                         0x98 (size before relaxing)
 .eh_frame      0x000000000011f4b8       0x5c binaries/lflinit.o
                                         0x88 (size before relaxing)
 .eh_frame      0x000000000011f514       0x6c binaries/lflputc.o
                                         0x98 (size before relaxing)
 .eh_frame      0x000000000011f580       0x48 binaries/lflread.o
                                         0x74 (size before relaxing)
 .eh_frame      0x000000000011f5c8       0x60 binaries/lflseek.o
                                         0x8c (size before relaxing)
 .eh_frame      0x000000000011f628       0x48 binaries/lflwrite.o
                                         0x74 (size before relaxing)
 .eh_frame      0x000000000011f670       0xd4 binaries/lfsckfmt.o
                                        0x100 (size before relaxing)
 .eh_frame      0x000000000011f744       0xd4 binaries/lfscreate.o
                                        0x100 (size before relaxing)
 .eh_frame      0x000000000011f818       0xbc binaries/lfsetup.o
                                         0xe8 (size before relaxing)
 .eh_frame      0x000000000011f8d4       0x38 binaries/lfsinit.o
                                         0x64 (size before relaxing)
 .eh_frame      0x000000000011f90c       0x90 binaries/lfsopen.o
                                         0xbc (size before relaxing)
 .eh_frame      0x000000000011f99c       0x84 binaries/lftruncate.o
                                         0xb0 (size before relaxing)
 .eh_frame      0x000000000011fa20       0x3c binaries/rflclose.o
                                         0x68 (size before relaxing)
 .eh_frame      0x000000000011fa5c       0x30 binaries/rflgetc.o
                                         0x5c (size before relaxing)
 .eh_frame      0x000000000011fa8c       0x30 binaries/rflinit.o
                                         0x5c (size before relaxing)
 .eh_frame      0x000000000011fabc       0x30 binaries/rflputc.o
                                         0x5c (size before relaxing)
 .eh_frame      0x000000000011faec       0xdc binaries/rflread.o
                                        0x108 (size before relaxing)
 .eh_frame      0x000000000011fbc8       0x3c binaries/rflseek.o
                                         0x68 (size before relaxing)
 .eh_frame      0x000000000011fc04       0xd0 binaries/rflwrite.o
                                         0xfc (size before relaxing)
 .eh_frame      0x000000000011fcd4       0x88 binaries/rfscomm.o
                                         0xb4 (size before relaxing)
 .eh_frame      0x000000000011fd5c      0x11c binaries/rfscontrol.o
                                        0x148 (size before relaxing)
 .eh_frame      0x000000000011fe78       0x14 binaries/rfsgetmode.o
                                         0x2c (size before relaxing)
 .eh_frame      0x000000000011fe8c       0x50 binaries/rfsinit.o
                                         0x7c (size before relaxing)
 .eh_frame      0x000000000011fedc       0x50 binaries/rfsndmsg.o
                                         0x7c (size before relaxing)
 .eh_frame      0x000000000011ff2c       0xdc binaries/rfsopen.o
                                        0x108 (size before relaxing)
 .eh_frame      0x0000000000120008      0x27c binaries/arp.o
                                        0x2bc (size before relaxing)
 .eh_frame      0x0000000000120284      0x284 binaries/dhcp.o
                                        0x2b0 (size before relaxing)
 .eh_frame      0x0000000000120508       0x40 binaries/dot2ip.o
                                         0x58 (size before relaxing)
 .eh_frame      0x0000000000120548      0x1bc binaries/hexdump.o
                                        0x1e8 (size before relaxing)
 .eh_frame      0x0000000000120704      0x310 binaries/icmp.o
                                        0x350 (size before relaxing)
 .eh_frame      0x0000000000120a14      0x2e8 binaries/ip.o
                                        0x314 (size before relaxing)
 .eh_frame      0x0000000000120cfc      0x138 binaries/net.o
                                        0x164 (size before relaxing)
 .eh_frame      0x0000000000120e34       0x74 binaries/netstart.o
                                         0xa0 (size before relaxing)
 .eh_frame      0x0000000000120ea8      0x394 binaries/pdump.o
                                        0x3c0 (size before relaxing)
 .eh_frame      0x000000000012123c      0x260 binaries/tftp.o
                                        0x28c (size before relaxing)
 .eh_frame      0x000000000012149c      0x36c binaries/udp.o
                                        0x3ac (size before relaxing)
 .eh_frame      0x0000000000121808       0x68 binaries/addargs.o
                                         0x94 (size before relaxing)
 .eh_frame      0x0000000000121870       0x40 binaries/lexan.o
                                         0x58 (size before relaxing)
 .eh_frame      0x00000000001218b0      0x24c binaries/shell.o
                                        0x278 (size before relaxing)
 .eh_frame      0x0000000000121afc       0x5c binaries/xsh_argecho.o
                                         0x88 (size before relaxing)
 .eh_frame      0x0000000000121b58       0xe0 binaries/xsh_arp.o
                                        0x10c (size before relaxing)
 .eh_frame      0x0000000000121c38       0xb0 binaries/xsh_cat.o
                                         0xdc (size before relaxing)
 .eh_frame      0x0000000000121ce8       0x3c binaries/xsh_clear.o
                                         0x68 (size before relaxing)
 .eh_frame      0x0000000000121d24      0x108 binaries/xsh_date.o
                                        0x134 (size before relaxing)
 .eh_frame      0x0000000000121e2c       0x64 binaries/xsh_devdump.o
                                         0x90 (size before relaxing)
 .eh_frame      0x0000000000121e90       0x5c binaries/xsh_echo.o
                                         0x88 (size before relaxing)
 .eh_frame      0x0000000000121eec       0x14 binaries/xsh_exit.o
                                         0x2c (size before relaxing)
 .eh_frame      0x0000000000121f00       0xd4 binaries/xsh_help.o
                                        0x100 (size before relaxing)
 .eh_frame      0x0000000000121fd4      0x194 binaries/xsh_ipaddr.o
                                        0x1c0 (size before relaxing)
 .eh_frame      0x0000000000122168       0xac binaries/xsh_kill.o
                                         0xd8 (size before relaxing)
 .eh_frame      0x0000000000122214      0x130 binaries/xsh_memdump.o
                                        0x15c (size before relaxing)
 .eh_frame      0x0000000000122344       0xbc binaries/xsh_memstat.o
                                         0xe8 (size before relaxing)
 .eh_frame      0x0000000000122400      0x10c binaries/xsh_ping.o
                                        0x138 (size before relaxing)
 .eh_frame      0x000000000012250c       0xd8 binaries/xsh_ps.o
                                        0x104 (size before relaxing)
 .eh_frame      0x00000000001225e4       0xac binaries/xsh_sleep.o
                                         0xd8 (size before relaxing)
 .eh_frame      0x0000000000122690       0xe8 binaries/xsh_udpdump.o
                                        0x114 (size before relaxing)
 .eh_frame      0x0000000000122778      0x1b0 binaries/xsh_udpecho.o
                                        0x1dc (size before relaxing)
 .eh_frame      0x0000000000122928      0x128 binaries/xsh_udpeserver.o
                                        0x154 (size before relaxing)
 .eh_frame      0x0000000000122a50       0xb8 binaries/xsh_uptime.o
                                         0xe4 (size before relaxing)

.iplt           0x0000000000122b08        0x0
 .iplt          0x0000000000122b08        0x0 binaries/start.o

.rel.dyn        0x0000000000122b08        0x0
 .rel.got       0x0000000000122b08        0x0 binaries/start.o
 .rel.iplt      0x0000000000122b08        0x0 binaries/start.o
 .rel.text      0x0000000000122b08        0x0 binaries/start.o

.data           0x0000000000122b20     0x14e0
                0x0000000000122b20                data = ABSOLUTE (.)
 *(.data .data.*)
 .data          0x0000000000122b20      0x85a binaries/start.o
                0x0000000000122b20                gdt
                0x0000000000122b70                idt
                0x0000000000123376                cpudelay
 .data          0x000000000012337a        0x0 binaries/ascdate.o
 *fill*         0x000000000012337a        0x6 
 .data.rel.local
                0x0000000000123380       0x88 binaries/ascdate.o
                0x0000000000123380                Date
 .data          0x0000000000123408        0x0 binaries/bufinit.o
 .data          0x0000000000123408        0x0 binaries/chprio.o
 .data          0x0000000000123408        0x4 binaries/clkhandler.o
 .data          0x000000000012340c        0x0 binaries/clkinit.o
 .data          0x000000000012340c        0x0 binaries/close.o
 .data          0x000000000012340c        0x0 binaries/conf.o
 *fill*         0x000000000012340c       0x14 
 .data.rel      0x0000000000123420      0x30c binaries/conf.o
                0x0000000000123420                devtab
 .data          0x000000000012372c        0x0 binaries/control.o
 .data          0x000000000012372c        0x4 binaries/create.o
 .data          0x0000000000123730        0x0 binaries/early_imr.o
 .data          0x0000000000123730        0x0 binaries/evec.o
 *fill*         0x0000000000123730       0x10 
 .data.rel.local
                0x0000000000123740       0x40 binaries/evec.o
                0x0000000000123740                inames
 .data          0x0000000000123780        0x0 binaries/freebuf.o
 .data          0x0000000000123780        0x0 binaries/freemem.o
 .data          0x0000000000123780        0x0 binaries/getbuf.o
 .data          0x0000000000123780        0x0 binaries/getc.o
 .data          0x0000000000123780        0x0 binaries/getdev.o
 .data          0x0000000000123780        0x0 binaries/getitem.o
 .data          0x0000000000123780        0x0 binaries/getmem.o
 .data          0x0000000000123780        0x0 binaries/getpid.o
 .data          0x0000000000123780        0x0 binaries/getprio.o
 .data          0x0000000000123780        0x0 binaries/getstk.o
 .data          0x0000000000123780        0x0 binaries/gettime.o
 .data          0x0000000000123780        0x0 binaries/getutime.o
 .data          0x0000000000123780        0x0 binaries/init.o
 .data          0x0000000000123780        0x0 binaries/initialize.o
 .data          0x0000000000123780        0x0 binaries/insert.o
 .data          0x0000000000123780        0x0 binaries/insertd.o
 .data          0x0000000000123780        0x0 binaries/ioerr.o
 .data          0x0000000000123780        0x0 binaries/ionull.o
 .data          0x0000000000123780        0x0 binaries/kill.o
 .data          0x0000000000123780        0x0 binaries/kprintf.o
 .data          0x0000000000123780        0x0 binaries/lcreate.o
 .data          0x0000000000123780        0x0 binaries/ldelete.o
 .data          0x0000000000123780        0x0 binaries/linit.o
 .data          0x0000000000123780        0x0 binaries/lock.o
 .data          0x0000000000123780        0x0 binaries/lqueue.o
 .data          0x0000000000123780        0x0 binaries/main.o
 .data          0x0000000000123780        0x0 binaries/mark.o
 .data          0x0000000000123780       0x48 binaries/meminit.o
                0x0000000000123780                gdt_copy
                0x00000000001237c0                bootinfo
                0x00000000001237c4                bootsign
 .data          0x00000000001237c8        0x0 binaries/mkbufpool.o
 .data          0x00000000001237c8        0x2 binaries/newqueue.o
 .data          0x00000000001237ca        0x0 binaries/open.o
 .data          0x00000000001237ca        0x0 binaries/panic.o
 .data          0x00000000001237ca        0x0 binaries/pci.o
 .data          0x00000000001237ca        0x0 binaries/platinit.o
 .data          0x00000000001237ca        0x0 binaries/ptclear.o
 .data          0x00000000001237ca        0x0 binaries/ptcount.o
 .data          0x00000000001237ca        0x0 binaries/ptcreate.o
 .data          0x00000000001237ca        0x0 binaries/ptdelete.o
 .data          0x00000000001237ca        0x0 binaries/ptinit.o
 .data          0x00000000001237ca        0x0 binaries/ptrecv.o
 .data          0x00000000001237ca        0x0 binaries/ptreset.o
 .data          0x00000000001237ca        0x0 binaries/ptsend.o
 .data          0x00000000001237ca        0x0 binaries/putc.o
 .data          0x00000000001237ca        0x0 binaries/quark_irq.o
 .data          0x00000000001237ca        0x0 binaries/quark_pdat.o
 .data          0x00000000001237ca        0x0 binaries/queue.o
 .data          0x00000000001237ca        0x0 binaries/read.o
 .data          0x00000000001237ca        0x0 binaries/ready.o
 .data          0x00000000001237ca        0x0 binaries/receive.o
 .data          0x00000000001237ca        0x0 binaries/recvclr.o
 .data          0x00000000001237ca        0x0 binaries/recvtime.o
 .data          0x00000000001237ca        0x0 binaries/releaseall.o
 .data          0x00000000001237ca        0x0 binaries/resched.o
 .data          0x00000000001237ca        0x0 binaries/resume.o
 .data          0x00000000001237ca        0x0 binaries/seek.o
 .data          0x00000000001237ca        0x0 binaries/semcount.o
 .data          0x00000000001237ca        0x0 binaries/semcreate.o
 .data          0x00000000001237ca        0x0 binaries/semdelete.o
 .data          0x00000000001237ca        0x0 binaries/semreset.o
 .data          0x00000000001237ca        0x0 binaries/send.o
 .data          0x00000000001237ca        0x0 binaries/signal.o
 .data          0x00000000001237ca        0x0 binaries/signaln.o
 .data          0x00000000001237ca        0x0 binaries/sleep.o
 .data          0x00000000001237ca        0x0 binaries/suspend.o
 .data          0x00000000001237ca        0x0 binaries/unsleep.o
 .data          0x00000000001237ca        0x0 binaries/userret.o
 .data          0x00000000001237ca        0x0 binaries/wait.o
 .data          0x00000000001237ca        0x0 binaries/wakeup.o
 .data          0x00000000001237ca        0x0 binaries/write.o
 .data          0x00000000001237ca        0x0 binaries/xdone.o
 .data          0x00000000001237ca        0x0 binaries/yield.o
 .data          0x00000000001237ca        0x0 binaries/abs.o
 .data          0x00000000001237ca        0x0 binaries/atoi.o
 .data          0x00000000001237ca        0x0 binaries/atol.o
 .data          0x00000000001237ca        0x0 binaries/bzero.o
 .data          0x00000000001237ca        0x0 binaries/ctype_.o
 .data          0x00000000001237ca        0x0 binaries/doprnt.o
 *fill*         0x00000000001237ca       0x16 
 .data          0x00000000001237e0       0x80 binaries/doscan.o
                0x00000000001237e0                _sctab
 .data          0x0000000000123860        0x0 binaries/fdoprnt.o
 .data          0x0000000000123860        0x0 binaries/fgetc.o
 .data          0x0000000000123860        0x0 binaries/fgets.o
 .data          0x0000000000123860        0x0 binaries/fprintf.o
 .data          0x0000000000123860        0x0 binaries/fputc.o
 .data          0x0000000000123860        0x0 binaries/fputs.o
 .data          0x0000000000123860        0x0 binaries/fscanf.o
 .data          0x0000000000123860        0x0 binaries/getchar.o
 .data          0x0000000000123860        0x0 binaries/labs.o
 .data          0x0000000000123860        0x0 binaries/memchr.o
 .data          0x0000000000123860        0x0 binaries/memcmp.o
 .data          0x0000000000123860        0x0 binaries/memcpy.o
 .data          0x0000000000123860        0x0 binaries/memset.o
 .data          0x0000000000123860        0x0 binaries/printf.o
 .data          0x0000000000123860        0x0 binaries/putchar.o
 .data          0x0000000000123860        0x0 binaries/qsort.o
 .data          0x0000000000123860        0x4 binaries/rand.o
 .data          0x0000000000123864        0x0 binaries/sprintf.o
 .data          0x0000000000123864        0x0 binaries/sscanf.o
 .data          0x0000000000123864        0x0 binaries/strchr.o
 .data          0x0000000000123864        0x0 binaries/strcmp.o
 .data          0x0000000000123864        0x0 binaries/strcpy.o
 .data          0x0000000000123864        0x0 binaries/strlen.o
 .data          0x0000000000123864        0x0 binaries/strncat.o
 .data          0x0000000000123864        0x0 binaries/strncmp.o
 .data          0x0000000000123864        0x0 binaries/strncpy.o
 .data          0x0000000000123864        0x0 binaries/strnlen.o
 .data          0x0000000000123864        0x0 binaries/strrchr.o
 .data          0x0000000000123864        0x0 binaries/strstr.o
 .data          0x0000000000123864        0x0 binaries/ttycontrol.o
 .data          0x0000000000123864        0x0 binaries/ttygetc.o
 .data          0x0000000000123864        0x0 binaries/ttyhandle_in.o
 .data          0x0000000000123864        0x0 binaries/ttyhandle_out.o
 .data          0x0000000000123864        0x0 binaries/ttyhandler.o
 .data          0x0000000000123864        0x0 binaries/ttyinit.o
 .data          0x0000000000123864        0x0 binaries/ttykickout.o
 .data          0x0000000000123864        0x0 binaries/ttyputc.o
 .data          0x0000000000123864        0x0 binaries/ttyread.o
 .data          0x0000000000123864        0x0 binaries/ttywrite.o
 .data          0x0000000000123864        0x0 binaries/mount.o
 .data          0x0000000000123864        0x0 binaries/naminit.o
 .data          0x0000000000123864        0x0 binaries/nammap.o
 .data          0x0000000000123864        0x0 binaries/namopen.o
 .data          0x0000000000123864        0x0 binaries/colon2mac.o
 .data          0x0000000000123864        0x0 binaries/ethcontrol.o
 .data          0x0000000000123864        0x0 binaries/ethhandler.o
 .data          0x0000000000123864        0x0 binaries/ethinit.o
 .data          0x0000000000123864        0x0 binaries/ethmcast.o
 .data          0x0000000000123864        0x0 binaries/ethread.o
 .data          0x0000000000123864        0x0 binaries/ethwrite.o
 .data          0x0000000000123864        0x0 binaries/rdsbufalloc.o
 .data          0x0000000000123864        0x0 binaries/rdsclose.o
 .data          0x0000000000123864        0x0 binaries/rdscomm.o
 .data          0x0000000000123864        0x0 binaries/rdscontrol.o
 .data          0x0000000000123864        0x0 binaries/rdsinit.o